Archive member included to satisfy reference by file (symbol)

D:/STM32-dev/STM32CubeIDE_1.15.1/STM32CubeIDE/plugins/com.st.stm32cube.ide.mcu.externaltools.gnu-tools-for-stm32.12.3.rel1.win32_1.0.100.202403111256/tools/bin/../lib/gcc/arm-none-eabi/12.3.1/../../../../arm-none-eabi/lib/thumb/v7-m/nofp\libc_nano.a(libc_a-atoi.o)
                              ./Core/Src/main.o (atoi)
D:/STM32-dev/STM32CubeIDE_1.15.1/STM32CubeIDE/plugins/com.st.stm32cube.ide.mcu.externaltools.gnu-tools-for-stm32.12.3.rel1.win32_1.0.100.202403111256/tools/bin/../lib/gcc/arm-none-eabi/12.3.1/../../../../arm-none-eabi/lib/thumb/v7-m/nofp\libc_nano.a(libc_a-exit.o)
                              D:/STM32-dev/STM32CubeIDE_1.15.1/STM32CubeIDE/plugins/com.st.stm32cube.ide.mcu.externaltools.gnu-tools-for-stm32.12.3.rel1.win32_1.0.100.202403111256/tools/bin/../lib/gcc/arm-none-eabi/12.3.1/../../../../arm-none-eabi/lib/thumb/v7-m/nofp/crt0.o (exit)
D:/STM32-dev/STM32CubeIDE_1.15.1/STM32CubeIDE/plugins/com.st.stm32cube.ide.mcu.externaltools.gnu-tools-for-stm32.12.3.rel1.win32_1.0.100.202403111256/tools/bin/../lib/gcc/arm-none-eabi/12.3.1/../../../../arm-none-eabi/lib/thumb/v7-m/nofp\libc_nano.a(libc_a-strtol.o)
                              D:/STM32-dev/STM32CubeIDE_1.15.1/STM32CubeIDE/plugins/com.st.stm32cube.ide.mcu.externaltools.gnu-tools-for-stm32.12.3.rel1.win32_1.0.100.202403111256/tools/bin/../lib/gcc/arm-none-eabi/12.3.1/../../../../arm-none-eabi/lib/thumb/v7-m/nofp\libc_nano.a(libc_a-atoi.o) (_strtol_r)
D:/STM32-dev/STM32CubeIDE_1.15.1/STM32CubeIDE/plugins/com.st.stm32cube.ide.mcu.externaltools.gnu-tools-for-stm32.12.3.rel1.win32_1.0.100.202403111256/tools/bin/../lib/gcc/arm-none-eabi/12.3.1/../../../../arm-none-eabi/lib/thumb/v7-m/nofp\libc_nano.a(libc_a-ctype_.o)
                              D:/STM32-dev/STM32CubeIDE_1.15.1/STM32CubeIDE/plugins/com.st.stm32cube.ide.mcu.externaltools.gnu-tools-for-stm32.12.3.rel1.win32_1.0.100.202403111256/tools/bin/../lib/gcc/arm-none-eabi/12.3.1/../../../../arm-none-eabi/lib/thumb/v7-m/nofp\libc_nano.a(libc_a-strtol.o) (_ctype_)
D:/STM32-dev/STM32CubeIDE_1.15.1/STM32CubeIDE/plugins/com.st.stm32cube.ide.mcu.externaltools.gnu-tools-for-stm32.12.3.rel1.win32_1.0.100.202403111256/tools/bin/../lib/gcc/arm-none-eabi/12.3.1/../../../../arm-none-eabi/lib/thumb/v7-m/nofp\libc_nano.a(libc_a-findfp.o)
                              D:/STM32-dev/STM32CubeIDE_1.15.1/STM32CubeIDE/plugins/com.st.stm32cube.ide.mcu.externaltools.gnu-tools-for-stm32.12.3.rel1.win32_1.0.100.202403111256/tools/bin/../lib/gcc/arm-none-eabi/12.3.1/../../../../arm-none-eabi/lib/thumb/v7-m/nofp\libc_nano.a(libc_a-exit.o) (__stdio_exit_handler)
D:/STM32-dev/STM32CubeIDE_1.15.1/STM32CubeIDE/plugins/com.st.stm32cube.ide.mcu.externaltools.gnu-tools-for-stm32.12.3.rel1.win32_1.0.100.202403111256/tools/bin/../lib/gcc/arm-none-eabi/12.3.1/../../../../arm-none-eabi/lib/thumb/v7-m/nofp\libc_nano.a(libc_a-fwalk.o)
                              D:/STM32-dev/STM32CubeIDE_1.15.1/STM32CubeIDE/plugins/com.st.stm32cube.ide.mcu.externaltools.gnu-tools-for-stm32.12.3.rel1.win32_1.0.100.202403111256/tools/bin/../lib/gcc/arm-none-eabi/12.3.1/../../../../arm-none-eabi/lib/thumb/v7-m/nofp\libc_nano.a(libc_a-findfp.o) (_fwalk_sglue)
D:/STM32-dev/STM32CubeIDE_1.15.1/STM32CubeIDE/plugins/com.st.stm32cube.ide.mcu.externaltools.gnu-tools-for-stm32.12.3.rel1.win32_1.0.100.202403111256/tools/bin/../lib/gcc/arm-none-eabi/12.3.1/../../../../arm-none-eabi/lib/thumb/v7-m/nofp\libc_nano.a(libc_a-sprintf.o)
                              ./Core/Src/Tx-Commands.o (sprintf)
D:/STM32-dev/STM32CubeIDE_1.15.1/STM32CubeIDE/plugins/com.st.stm32cube.ide.mcu.externaltools.gnu-tools-for-stm32.12.3.rel1.win32_1.0.100.202403111256/tools/bin/../lib/gcc/arm-none-eabi/12.3.1/../../../../arm-none-eabi/lib/thumb/v7-m/nofp\libc_nano.a(libc_a-stdio.o)
                              D:/STM32-dev/STM32CubeIDE_1.15.1/STM32CubeIDE/plugins/com.st.stm32cube.ide.mcu.externaltools.gnu-tools-for-stm32.12.3.rel1.win32_1.0.100.202403111256/tools/bin/../lib/gcc/arm-none-eabi/12.3.1/../../../../arm-none-eabi/lib/thumb/v7-m/nofp\libc_nano.a(libc_a-findfp.o) (__sread)
D:/STM32-dev/STM32CubeIDE_1.15.1/STM32CubeIDE/plugins/com.st.stm32cube.ide.mcu.externaltools.gnu-tools-for-stm32.12.3.rel1.win32_1.0.100.202403111256/tools/bin/../lib/gcc/arm-none-eabi/12.3.1/../../../../arm-none-eabi/lib/thumb/v7-m/nofp\libc_nano.a(libc_a-memset.o)
                              D:/STM32-dev/STM32CubeIDE_1.15.1/STM32CubeIDE/plugins/com.st.stm32cube.ide.mcu.externaltools.gnu-tools-for-stm32.12.3.rel1.win32_1.0.100.202403111256/tools/bin/../lib/gcc/arm-none-eabi/12.3.1/../../../../arm-none-eabi/lib/thumb/v7-m/nofp/crt0.o (memset)
D:/STM32-dev/STM32CubeIDE_1.15.1/STM32CubeIDE/plugins/com.st.stm32cube.ide.mcu.externaltools.gnu-tools-for-stm32.12.3.rel1.win32_1.0.100.202403111256/tools/bin/../lib/gcc/arm-none-eabi/12.3.1/../../../../arm-none-eabi/lib/thumb/v7-m/nofp\libc_nano.a(libc_a-closer.o)
[...]
Memory Configuration

Name             Origin             Length             Attributes
RAM              0x20000000         0x00005000         xrw
FLASH            0x08000000         0x00010000         xr
*default*        0x00000000         0xffffffff

Linker script and memory map

LOAD D:/STM32-dev/STM32CubeIDE_1.15.1/STM32CubeIDE/plugins/com.st.stm32cube.ide.mcu.externaltools.gnu-tools-for-stm32.12.3.rel1.win32_1.0.100.202403111256/tools/bin/../lib/gcc/arm-none-eabi/12.3.1/thumb/v7-m/nofp/crti.o
LOAD D:/STM32-dev/STM32CubeIDE_1.15.1/STM32CubeIDE/plugins/com.st.stm32cube.ide.mcu.externaltools.gnu-tools-for-stm32.12.3.rel1.win32_1.0.100.202403111256/tools/bin/../lib/gcc/arm-none-eabi/12.3.1/thumb/v7-m/nofp/crtbegin.o
LOAD D:/STM32-dev/STM32CubeIDE_1.15.1/STM32CubeIDE/plugins/com.st.stm32cube.ide.mcu.externaltools.gnu-tools-for-stm32.12.3.rel1.win32_1.0.100.202403111256/tools/bin/../lib/gcc/arm-none-eabi/12.3.1/../../../../arm-none-eabi/lib/thumb/v7-m/nofp/crt0.o
LOAD ./Core/Src/LiquidCrystal.o
LOAD ./Core/Src/Tx-Commands.o
LOAD ./Core/Src/gpio.o
LOAD ./Core/Src/main.o
LOAD ./Core/Src/spi.o
LOAD ./Core/Src/stm32f1xx_hal_msp.o
LOAD ./Core/Src/stm32f1xx_it.o
LOAD ./Core/Src/syscalls.o
LOAD ./Core/Src/sysmem.o
LOAD ./Core/Src/system_stm32f1xx.o
LOAD ./Core/Src/uart_hal.o
LOAD ./Core/Startup/startup_stm32f103c8tx.o
LOAD ./Drivers/STM32F1xx_HAL_Driver/Src/stm32f1xx_hal.o
LOAD ./Drivers/STM32F1xx_HAL_Driver/Src/stm32f1xx_hal_cortex.o
LOAD ./Drivers/STM32F1xx_HAL_Driver/Src/stm32f1xx_hal_dma.o
LOAD ./Drivers/STM32F1xx_HAL_Driver/Src/stm32f1xx_hal_exti.o
LOAD ./Drivers/STM32F1xx_HAL_Driver/Src/stm32f1xx_hal_flash.o
LOAD ./Drivers/STM32F1xx_HAL_Driver/Src/stm32f1xx_hal_flash_ex.o
LOAD ./Drivers/STM32F1xx_HAL_Driver/Src/stm32f1xx_hal_gpio.o
LOAD ./Drivers/STM32F1xx_HAL_Driver/Src/stm32f1xx_hal_gpio_ex.o
LOAD ./Drivers/STM32F1xx_HAL_Driver/Src/stm32f1xx_hal_pwr.o
LOAD ./Drivers/STM32F1xx_HAL_Driver/Src/stm32f1xx_hal_rcc.o
LOAD ./Drivers/STM32F1xx_HAL_Driver/Src/stm32f1xx_hal_rcc_ex.o
LOAD ./Drivers/STM32F1xx_HAL_Driver/Src/stm32f1xx_hal_spi.o
LOAD ./Drivers/STM32F1xx_HAL_Driver/Src/stm32f1xx_hal_tim.o
LOAD ./Drivers/STM32F1xx_HAL_Driver/Src/stm32f1xx_hal_tim_ex.o
LOAD ./LoRa/LoRa.o
START GROUP
LOAD D:/STM32-dev/STM32CubeIDE_1.15.1/STM32CubeIDE/plugins/com.st.stm32cube.ide.mcu.externaltools.gnu-tools-for-stm32.12.3.rel1.win32_1.0.100.202403111256/tools/bin/../lib/gcc/arm-none-eabi/12.3.1/../../../../arm-none-eabi/lib/thumb/v7-m/nofp\libc_nano.a
LOAD D:/STM32-dev/STM32CubeIDE_1.15.1/STM32CubeIDE/plugins/com.st.stm32cube.ide.mcu.externaltools.gnu-tools-for-stm32.12.3.rel1.win32_1.0.100.202403111256/tools/bin/../lib/gcc/arm-none-eabi/12.3.1/../../../../arm-none-eabi/lib/thumb/v7-m/nofp\libm.a
END GROUP
START GROUP
LOAD D:/STM32-dev/STM32CubeIDE_1.15.1/STM32CubeIDE/plugins/com.st.stm32cube.ide.mcu.externaltools.gnu-tools-for-stm32.12.3.rel1.win32_1.0.100.202403111256/tools/bin/../lib/gcc/arm-none-eabi/12.3.1/thumb/v7-m/nofp\libgcc.a
LOAD D:/STM32-dev/STM32CubeIDE_1.15.1/STM32CubeIDE/plugins/com.st.stm32cube.ide.mcu.externaltools.gnu-tools-for-stm32.12.3.rel1.win32_1.0.100.202403111256/tools/bin/../lib/gcc/arm-none-eabi/12.3.1/../../../../arm-none-eabi/lib/thumb/v7-m/nofp\libc_nano.a
END GROUP
START GROUP
LOAD D:/STM32-dev/STM32CubeIDE_1.15.1/STM32CubeIDE/plugins/com.st.stm32cube.ide.mcu.externaltools.gnu-tools-for-stm32.12.3.rel1.win32_1.0.100.202403111256/tools/bin/../lib/gcc/arm-none-eabi/12.3.1/thumb/v7-m/nofp\libgcc.a
LOAD D:/STM32-dev/STM32CubeIDE_1.15.1/STM32CubeIDE/plugins/com.st.stm32cube.ide.mcu.externaltools.gnu-tools-for-stm32.12.3.rel1.win32_1.0.100.202403111256/tools/bin/../lib/gcc/arm-none-eabi/12.3.1/../../../../arm-none-eabi/lib/thumb/v7-m/nofp\libc_nano.a
LOAD D:/STM32-dev/STM32CubeIDE_1.15.1/STM32CubeIDE/plugins/com.st.stm32cube.ide.mcu.externaltools.gnu-tools-for-stm32.12.3.rel1.win32_1.0.100.202403111256/tools/bin/../lib/gcc/arm-none-eabi/12.3.1/../../../../arm-none-eabi/lib/thumb/v7-m/nofp\libnosys.a
END GROUP
START GROUP
LOAD D:/STM32-dev/STM32CubeIDE_1.15.1/STM32CubeIDE/plugins/com.st.stm32cube.ide.mcu.externaltools.gnu-tools-for-stm32.12.3.rel1.win32_1.0.100.202403111256/tools/bin/../lib/gcc/arm-none-eabi/12.3.1/thumb/v7-m/nofp\libgcc.a
LOAD D:/STM32-dev/STM32CubeIDE_1.15.1/STM32CubeIDE/plugins/com.st.stm32cube.ide.mcu.externaltools.gnu-tools-for-stm32.12.3.rel1.win32_1.0.100.202403111256/tools/bin/../lib/gcc/arm-none-eabi/12.3.1/../../../../arm-none-eabi/lib/thumb/v7-m/nofp\libc_nano.a
LOAD D:/STM32-dev/STM32CubeIDE_1.15.1/STM32CubeIDE/plugins/com.st.stm32cube.ide.mcu.externaltools.gnu-tools-for-stm32.12.3.rel1.win32_1.0.100.202403111256/tools/bin/../lib/gcc/arm-none-eabi/12.3.1/../../../../arm-none-eabi/lib/thumb/v7-m/nofp\libnosys.a
END GROUP
LOAD D:/STM32-dev/STM32CubeIDE_1.15.1/STM32CubeIDE/plugins/com.st.stm32cube.ide.mcu.externaltools.gnu-tools-for-stm32.12.3.rel1.win32_1.0.100.202403111256/tools/bin/../lib/gcc/arm-none-eabi/12.3.1/thumb/v7-m/nofp/crtend.o
LOAD D:/STM32-dev/STM32CubeIDE_1.15.1/STM32CubeIDE/plugins/com.st.stm32cube.ide.mcu.externaltools.gnu-tools-for-stm32.12.3.rel1.win32_1.0.100.202403111256/tools/bin/../lib/gcc/arm-none-eabi/12.3.1/thumb/v7-m/nofp/crtn.o
                0x20005000                        _estack = (ORIGIN (RAM) + LENGTH (RAM))
                0x00000200                        _Min_Heap_Size = 0x200
                0x00000400                        _Min_Stack_Size = 0x400

.isr_vector     0x08000000      0x10c
                0x08000000                        . = ALIGN (0x4)
 *(.isr_vector)
 .isr_vector    0x08000000      0x10c ./Core/Startup/startup_stm32f103c8tx.o
                0x08000000                g_pfnVectors
                0x0800010c                        . = ALIGN (0x4)

.text           0x0800010c     0x4adc
                0x0800010c                        . = ALIGN (0x4)
 *(.text)
 .text          0x0800010c       0x40 D:/STM32-dev/STM32CubeIDE_1.15.1/STM32CubeIDE/plugins/com.st.stm32cube.ide.mcu.externaltools.gnu-tools-for-stm32.12.3.rel1.win32_1.0.100.202403111256/tools/bin/../lib/gcc/arm-none-eabi/12.3.1/thumb/v7-m/nofp/crtbegin.o
 .text          0x0800014c       0x10 D:/STM32-dev/STM32CubeIDE_1.15.1/STM32CubeIDE/plugins/com.st.stm32cube.ide.mcu.externaltools.gnu-tools-for-stm32.12.3.rel1.win32_1.0.100.202403111256/tools/bin/../lib/gcc/arm-none-eabi/12.3.1/../../../../arm-none-eabi/lib/thumb/v7-m/nofp\libc_nano.a(libc_a-strlen.o)
                0x0800014c                strlen
 .text          0x0800015c      0x378 D:/STM32-dev/STM32CubeIDE_1.15.1/STM32CubeIDE/plugins/com.st.stm32cube.ide.mcu.externaltools.gnu-tools-for-stm32.12.3.rel1.win32_1.0.100.202403111256/tools/bin/../lib/gcc/arm-none-eabi/12.3.1/thumb/v7-m/nofp\libgcc.a(_arm_addsubdf3.o)
                0x0800015c                __aeabi_drsub
                0x08000164                __aeabi_dsub
                0x08000164                __subdf3
                0x08000168                __aeabi_dadd
                0x08000168                __adddf3
                0x080003e0                __floatunsidf
                0x080003e0                __aeabi_ui2d
                0x08000400                __floatsidf
                0x08000400                __aeabi_i2d
                0x08000424                __aeabi_f2d
                0x08000424                __extendsfdf2
                0x08000468                __floatundidf
                0x08000468                __aeabi_ul2d
                0x08000478                __floatdidf
                0x08000478                __aeabi_l2d
 .text          0x080004d4      0x424 D:/STM32-dev/STM32CubeIDE_1.15.1/STM32CubeIDE/plugins/com.st.stm32cube.ide.mcu.externaltools.gnu-tools-for-stm32.12.3.rel1.win32_1.0.100.202403111256/tools/bin/../lib/gcc/arm-none-eabi/12.3.1/thumb/v7-m/nofp\libgcc.a(_arm_muldivdf3.o)
                0x080004d4                __aeabi_dmul
                0x080004d4                __muldf3
                0x08000728                __divdf3
                0x08000728                __aeabi_ddiv
 .text          0x080008f8       0x50 D:/STM32-dev/STM32CubeIDE_1.15.1/STM32CubeIDE/plugins/com.st.stm32cube.ide.mcu.externaltools.gnu-tools-for-stm32.12.3.rel1.win32_1.0.100.202403111256/tools/bin/../lib/gcc/arm-none-eabi/12.3.1/thumb/v7-m/nofp\libgcc.a(_arm_fixdfsi.o)
                0x080008f8                __aeabi_d2iz
                0x080008f8                __fixdfsi
 *(.text*)
 .text.LiquidCrystal
                0x08000948       0x94 ./Core/Src/LiquidCrystal.o
                0x08000948                LiquidCrystal
 .text.init     0x080009dc       0x9c ./Core/Src/LiquidCrystal.o
                0x080009dc                init
 .text.begin    0x08000a78      0x220 ./Core/Src/LiquidCrystal.o
                0x08000a78                begin
 .text.enableClock
                0x08000c98       0xe0 ./Core/Src/LiquidCrystal.o
                0x08000c98                enableClock
 .text.setRowOffsets
                0x08000d78       0x3c ./Core/Src/LiquidCrystal.o
                0x08000d78                setRowOffsets
 .text.clear    0x08000db4       0x14 ./Core/Src/LiquidCrystal.o
                0x08000db4                clear
 .text.setCursor
                0x08000dc8       0x64 ./Core/Src/LiquidCrystal.o
                0x08000dc8                setCursor
 .text.display  0x08000e2c       0x2c ./Core/Src/LiquidCrystal.o
                0x08000e2c                display
 .text.print    0x08000e58       0x56 ./Core/Src/LiquidCrystal.o
                0x08000e58                print
 .text.command  0x08000eae       0x1c ./Core/Src/LiquidCrystal.o
                0x08000eae                command
 .text.write    0x08000eca       0x1e ./Core/Src/LiquidCrystal.o
                0x08000eca                write
 .text.send     0x08000ee8       0x7c ./Core/Src/LiquidCrystal.o
                0x08000ee8                send
 .text.pulseEnable
                0x08000f64       0x54 ./Core/Src/LiquidCrystal.o
                0x08000f64                pulseEnable
 .text.write4bits
                0x08000fb8       0x54 ./Core/Src/LiquidCrystal.o
                0x08000fb8                write4bits
 .text.write8bits
                0x0800100c       0x54 ./Core/Src/LiquidCrystal.o
                0x0800100c                write8bits
 .text.TransmitHEATCommand
                0x08001060       0x54 ./Core/Src/Tx-Commands.o
                0x08001060                TransmitHEATCommand
 .text.TransmitACCommand
                0x080010b4       0x54 ./Core/Src/Tx-Commands.o
                0x080010b4                TransmitACCommand
 .text.TransmitTEMPUPCommand
                0x08001108       0x6c ./Core/Src/Tx-Commands.o
                0x08001108                TransmitTEMPUPCommand
 .text.TransmitTEMPDOWNCommand
                0x08001174       0x6c ./Core/Src/Tx-Commands.o
                0x08001174                TransmitTEMPDOWNCommand
 .text.TransmitOFFCommand
                0x080011e0       0x54 ./Core/Src/Tx-Commands.o
                0x080011e0                TransmitOFFCommand
 .text.GeneratePacketMsg
                0x08001234       0x5c ./Core/Src/Tx-Commands.o
                0x08001234                GeneratePacketMsg
 .text.LCD_StrInit
                0x08001290       0xa0 ./Core/Src/Tx-Commands.o
                0x08001290                LCD_StrInit
 .text.LCD_UpdateTemp
                0x08001330       0x64 ./Core/Src/Tx-Commands.o
                0x08001330                LCD_UpdateTemp
 .text.LCD_UpdateSetpt
                0x08001394       0x64 ./Core/Src/Tx-Commands.o
                0x08001394                LCD_UpdateSetpt
 .text.LCD_UpdateAirMode
                0x080013f8       0xf0 ./Core/Src/Tx-Commands.o
                0x080013f8                LCD_UpdateAirMode
 .text.MX_GPIO_Init
                0x080014e8      0x114 ./Core/Src/gpio.o
                0x080014e8                MX_GPIO_Init
 .text.Get_TempUpButtonState
                0x080015fc       0x30 ./Core/Src/main.o
 .text.Get_TempDownButtonState
                0x0800162c       0x30 ./Core/Src/main.o
 .text.Get_HeatButtonState
                0x0800165c       0x28 ./Core/Src/main.o
 .text.Get_ACButtonState
                0x08001684       0x28 ./Core/Src/main.o
 .text.Get_OffButtonState
                0x080016ac       0x18 ./Core/Src/main.o
 .text.main     0x080016c4      0x204 ./Core/Src/main.o
                0x080016c4                main
 .text.SystemClock_Config
                0x080018c8       0x8a ./Core/Src/main.o
                0x080018c8                SystemClock_Config
 .text.MX_NVIC_Init
                0x08001952       0x28 ./Core/Src/main.o
 *fill*         0x0800197a        0x2 
 .text.HAL_GPIO_EXTI_Callback
                0x0800197c       0x38 ./Core/Src/main.o
                0x0800197c                HAL_GPIO_EXTI_Callback
 .text.Error_Handler
                0x080019b4        0xc ./Core/Src/main.o
                0x080019b4                Error_Handler
 .text.MX_SPI1_Init
                0x080019c0       0x6c ./Core/Src/spi.o
                0x080019c0                MX_SPI1_Init
 .text.HAL_SPI_MspInit
                0x08001a2c       0x94 ./Core/Src/spi.o
                0x08001a2c                HAL_SPI_MspInit
 .text.HAL_MspInit
                0x08001ac0       0x64 ./Core/Src/stm32f1xx_hal_msp.o
                0x08001ac0                HAL_MspInit
 .text.NMI_Handler
                0x08001b24        0x8 ./Core/Src/stm32f1xx_it.o
                0x08001b24                NMI_Handler
 .text.HardFault_Handler
                0x08001b2c        0x8 ./Core/Src/stm32f1xx_it.o
                0x08001b2c                HardFault_Handler
 .text.MemManage_Handler
                0x08001b34        0x8 ./Core/Src/stm32f1xx_it.o
                0x08001b34                MemManage_Handler
 .text.BusFault_Handler
                0x08001b3c        0x8 ./Core/Src/stm32f1xx_it.o
                0x08001b3c                BusFault_Handler
 .text.UsageFault_Handler
                0x08001b44        0x8 ./Core/Src/stm32f1xx_it.o
                0x08001b44                UsageFault_Handler
 .text.SVC_Handler
                0x08001b4c        0xc ./Core/Src/stm32f1xx_it.o
                0x08001b4c                SVC_Handler
 .text.DebugMon_Handler
                0x08001b58        0xc ./Core/Src/stm32f1xx_it.o
                0x08001b58                DebugMon_Handler
 .text.PendSV_Handler
                0x08001b64        0xc ./Core/Src/stm32f1xx_it.o
                0x08001b64                PendSV_Handler
 .text.SysTick_Handler
                0x08001b70        0xc ./Core/Src/stm32f1xx_it.o
                0x08001b70                SysTick_Handler
 .text.SPI1_IRQHandler
                0x08001b7c       0x14 ./Core/Src/stm32f1xx_it.o
                0x08001b7c                SPI1_IRQHandler
 .text.EXTI15_10_IRQHandler
                0x08001b90       0x10 ./Core/Src/stm32f1xx_it.o
                0x08001b90                EXTI15_10_IRQHandler
 .text._sbrk    0x08001ba0       0x6c ./Core/Src/sysmem.o
                0x08001ba0                _sbrk
 .text.SystemInit
                0x08001c0c        0xc ./Core/Src/system_stm32f1xx.o
                0x08001c0c                SystemInit
 .text.Reset_Handler
                0x08001c18       0x48 ./Core/Startup/startup_stm32f103c8tx.o
                0x08001c18                Reset_Handler
 .text.Default_Handler
                0x08001c60        0x2 ./Core/Startup/startup_stm32f103c8tx.o
                0x08001c60                RTC_Alarm_IRQHandler
                0x08001c60                EXTI2_IRQHandler
                0x08001c60                TIM1_CC_IRQHandler
                0x08001c60                PVD_IRQHandler
                0x08001c60                EXTI3_IRQHandler
                0x08001c60                EXTI0_IRQHandler
                0x08001c60                I2C2_EV_IRQHandler
                0x08001c60                ADC1_2_IRQHandler
                0x08001c60                TAMPER_IRQHandler
                0x08001c60                DMA1_Channel4_IRQHandler
                0x08001c60                USART3_IRQHandler
                0x08001c60                RTC_IRQHandler
                0x08001c60                DMA1_Channel7_IRQHandler
                0x08001c60                CAN1_RX1_IRQHandler
                0x08001c60                TIM4_IRQHandler
                0x08001c60                I2C1_EV_IRQHandler
                0x08001c60                DMA1_Channel6_IRQHandler
                0x08001c60                TIM3_IRQHandler
                0x08001c60                RCC_IRQHandler
                0x08001c60                TIM1_TRG_COM_IRQHandler
                0x08001c60                DMA1_Channel1_IRQHandler
                0x08001c60                Default_Handler
                0x08001c60                EXTI9_5_IRQHandler
                0x08001c60                SPI2_IRQHandler
                0x08001c60                DMA1_Channel5_IRQHandler
                0x08001c60                EXTI4_IRQHandler
                0x08001c60                USB_LP_CAN1_RX0_IRQHandler
                0x08001c60                USB_HP_CAN1_TX_IRQHandler
                0x08001c60                DMA1_Channel3_IRQHandler
                0x08001c60                TIM1_UP_IRQHandler
                0x08001c60                WWDG_IRQHandler
                0x08001c60                TIM2_IRQHandler
                0x08001c60                TIM1_BRK_IRQHandler
                0x08001c60                EXTI1_IRQHandler
                0x08001c60                USART2_IRQHandler
                0x08001c60                I2C2_ER_IRQHandler
                0x08001c60                DMA1_Channel2_IRQHandler
                0x08001c60                CAN1_SCE_IRQHandler
                0x08001c60                FLASH_IRQHandler
                0x08001c60                USART1_IRQHandler
                0x08001c60                I2C1_ER_IRQHandler
                0x08001c60                USBWakeUp_IRQHandler
 *fill*         0x08001c62        0x2 
 .text.HAL_Init
                0x08001c64       0x2c ./Drivers/STM32F1xx_HAL_Driver/Src/stm32f1xx_hal.o
                0x08001c64                HAL_Init
 .text.HAL_InitTick
                0x08001c90       0x60 ./Drivers/STM32F1xx_HAL_Driver/Src/stm32f1xx_hal.o
                0x08001c90                HAL_InitTick
 .text.HAL_IncTick
                0x08001cf0       0x24 ./Drivers/STM32F1xx_HAL_Driver/Src/stm32f1xx_hal.o
                0x08001cf0                HAL_IncTick
 .text.HAL_GetTick
                0x08001d14       0x14 ./Drivers/STM32F1xx_HAL_Driver/Src/stm32f1xx_hal.o
                0x08001d14                HAL_GetTick
 .text.HAL_Delay
                0x08001d28       0x48 ./Drivers/STM32F1xx_HAL_Driver/Src/stm32f1xx_hal.o
                0x08001d28                HAL_Delay
 .text.__NVIC_SetPriorityGrouping
                0x08001d70       0x48 ./Drivers/STM32F1xx_HAL_Driver/Src/stm32f1xx_hal_cortex.o
 .text.__NVIC_GetPriorityGrouping
                0x08001db8       0x1c ./Drivers/STM32F1xx_HAL_Driver/Src/stm32f1xx_hal_cortex.o
 .text.__NVIC_EnableIRQ
                0x08001dd4       0x38 ./Drivers/STM32F1xx_HAL_Driver/Src/stm32f1xx_hal_cortex.o
 .text.__NVIC_SetPriority
                0x08001e0c       0x54 ./Drivers/STM32F1xx_HAL_Driver/Src/stm32f1xx_hal_cortex.o
 .text.NVIC_EncodePriority
                0x08001e60       0x64 ./Drivers/STM32F1xx_HAL_Driver/Src/stm32f1xx_hal_cortex.o
 .text.SysTick_Config
                0x08001ec4       0x44 ./Drivers/STM32F1xx_HAL_Driver/Src/stm32f1xx_hal_cortex.o
 .text.HAL_NVIC_SetPriorityGrouping
                0x08001f08       0x16 ./Drivers/STM32F1xx_HAL_Driver/Src/stm32f1xx_hal_cortex.o
                0x08001f08                HAL_NVIC_SetPriorityGrouping
 .text.HAL_NVIC_SetPriority
                0x08001f1e       0x38 ./Drivers/STM32F1xx_HAL_Driver/Src/stm32f1xx_hal_cortex.o
                0x08001f1e                HAL_NVIC_SetPriority
 .text.HAL_NVIC_EnableIRQ
                0x08001f56       0x1c ./Drivers/STM32F1xx_HAL_Driver/Src/stm32f1xx_hal_cortex.o
                0x08001f56                HAL_NVIC_EnableIRQ
 .text.HAL_SYSTICK_Config
                0x08001f72       0x18 ./Drivers/STM32F1xx_HAL_Driver/Src/stm32f1xx_hal_cortex.o
                0x08001f72                HAL_SYSTICK_Config
 *fill*         0x08001f8a        0x2 
 .text.HAL_DMA_Abort_IT
                0x08001f8c       0xf0 ./Drivers/STM32F1xx_HAL_Driver/Src/stm32f1xx_hal_dma.o
                0x08001f8c                HAL_DMA_Abort_IT
 .text.HAL_GPIO_Init
                0x0800207c      0x308 ./Drivers/STM32F1xx_HAL_Driver/Src/stm32f1xx_hal_gpio.o
                0x0800207c                HAL_GPIO_Init
 .text.HAL_GPIO_ReadPin
                0x08002384       0x2e ./Drivers/STM32F1xx_HAL_Driver/Src/stm32f1xx_hal_gpio.o
                0x08002384                HAL_GPIO_ReadPin
 .text.HAL_GPIO_WritePin
                0x080023b2       0x30 ./Drivers/STM32F1xx_HAL_Driver/Src/stm32f1xx_hal_gpio.o
                0x080023b2                HAL_GPIO_WritePin
 *fill*         0x080023e2        0x2 
 .text.HAL_GPIO_EXTI_IRQHandler
                0x080023e4       0x30 ./Drivers/STM32F1xx_HAL_Driver/Src/stm32f1xx_hal_gpio.o
                0x080023e4                HAL_GPIO_EXTI_IRQHandler
 .text.HAL_RCC_OscConfig
                0x08002414      0x504 ./Drivers/STM32F1xx_HAL_Driver/Src/stm32f1xx_hal_rcc.o
                0x08002414                HAL_RCC_OscConfig
 .text.HAL_RCC_ClockConfig
                0x08002918      0x1d4 ./Drivers/STM32F1xx_HAL_Driver/Src/stm32f1xx_hal_rcc.o
                0x08002918                HAL_RCC_ClockConfig
 .text.HAL_RCC_GetSysClockFreq
                0x08002aec       0xa8 ./Drivers/STM32F1xx_HAL_Driver/Src/stm32f1xx_hal_rcc.o
                0x08002aec                HAL_RCC_GetSysClockFreq
 .text.RCC_Delay
                0x08002b94       0x3c ./Drivers/STM32F1xx_HAL_Driver/Src/stm32f1xx_hal_rcc.o
 .text.HAL_SPI_Init
                0x08002bd0      0x108 ./Drivers/STM32F1xx_HAL_Driver/Src/stm32f1xx_hal_spi.o
                0x08002bd0                HAL_SPI_Init
 .text.HAL_SPI_Transmit
                0x08002cd8      0x288 ./Drivers/STM32F1xx_HAL_Driver/Src/stm32f1xx_hal_spi.o
                0x08002cd8                HAL_SPI_Transmit
 .text.HAL_SPI_Receive
                0x08002f60      0x232 ./Drivers/STM32F1xx_HAL_Driver/Src/stm32f1xx_hal_spi.o
                0x08002f60                HAL_SPI_Receive
 .text.HAL_SPI_TransmitReceive
                0x08003192      0x352 ./Drivers/STM32F1xx_HAL_Driver/Src/stm32f1xx_hal_spi.o
                0x08003192                HAL_SPI_TransmitReceive
 .text.HAL_SPI_IRQHandler
                0x080034e4      0x1bc ./Drivers/STM32F1xx_HAL_Driver/Src/stm32f1xx_hal_spi.o
                0x080034e4                HAL_SPI_IRQHandler
 .text.HAL_SPI_ErrorCallback
                0x080036a0       0x12 ./Drivers/STM32F1xx_HAL_Driver/Src/stm32f1xx_hal_spi.o
                0x080036a0                HAL_SPI_ErrorCallback
 .text.HAL_SPI_GetState
                0x080036b2       0x1a ./Drivers/STM32F1xx_HAL_Driver/Src/stm32f1xx_hal_spi.o
                0x080036b2                HAL_SPI_GetState
 .text.SPI_DMAAbortOnError
                0x080036cc       0x28 ./Drivers/STM32F1xx_HAL_Driver/Src/stm32f1xx_hal_spi.o
 .text.SPI_WaitFlagStateUntilTimeout
                0x080036f4      0x110 ./Drivers/STM32F1xx_HAL_Driver/Src/stm32f1xx_hal_spi.o
 .text.SPI_EndRxTransaction
                0x08003804       0xa4 ./Drivers/STM32F1xx_HAL_Driver/Src/stm32f1xx_hal_spi.o
 .text.SPI_EndRxTxTransaction
                0x080038a8       0x62 ./Drivers/STM32F1xx_HAL_Driver/Src/stm32f1xx_hal_spi.o
 .text.newLoRa  0x0800390a       0x52 ./LoRa/LoRa.o
                0x0800390a                newLoRa
 .text.LoRa_gotoMode
                0x0800395c       0xc2 ./LoRa/LoRa.o
                0x0800395c                LoRa_gotoMode
 .text.LoRa_readReg
                0x08003a1e       0x7c ./LoRa/LoRa.o
                0x08003a1e                LoRa_readReg
 .text.LoRa_writeReg
                0x08003a9a       0x7c ./LoRa/LoRa.o
                0x08003a9a                LoRa_writeReg
 .text.LoRa_setLowDaraRateOptimization
                0x08003b16       0x4a ./LoRa/LoRa.o
                0x08003b16                LoRa_setLowDaraRateOptimization
 .text.LoRa_setAutoLDO
                0x08003b60       0x6c ./LoRa/LoRa.o
                0x08003b60                LoRa_setAutoLDO
 .text.LoRa_setFrequency
                0x08003bcc       0x60 ./LoRa/LoRa.o
                0x08003bcc                LoRa_setFrequency
 .text.LoRa_setSpreadingFactor
                0x08003c2c       0x64 ./LoRa/LoRa.o
                0x08003c2c                LoRa_setSpreadingFactor
 .text.LoRa_setPower
                0x08003c90       0x26 ./LoRa/LoRa.o
                0x08003c90                LoRa_setPower
 *fill*         0x08003cb6        0x2 
 .text.LoRa_setOCP
                0x08003cb8       0x7c ./LoRa/LoRa.o
                0x08003cb8                LoRa_setOCP
 .text.LoRa_setTOMsb_setCRCon
                0x08003d34       0x36 ./LoRa/LoRa.o
                0x08003d34                LoRa_setTOMsb_setCRCon
 .text.LoRa_read
                0x08003d6a       0x34 ./LoRa/LoRa.o
                0x08003d6a                LoRa_read
 .text.LoRa_write
                0x08003d9e       0x3a ./LoRa/LoRa.o
                0x08003d9e                LoRa_write
 .text.LoRa_BurstWrite
                0x08003dd8       0x8e ./LoRa/LoRa.o
                0x08003dd8                LoRa_BurstWrite
 .text.LoRa_isvalid
                0x08003e66       0x14 ./LoRa/LoRa.o
                0x08003e66                LoRa_isvalid
 .text.LoRa_transmit
                0x08003e7a       0xb0 ./LoRa/LoRa.o
                0x08003e7a                LoRa_transmit
 .text.LoRa_startReceiving
                0x08003f2a       0x18 ./LoRa/LoRa.o
                0x08003f2a                LoRa_startReceiving
 .text.LoRa_receive
                0x08003f42       0xd0 ./LoRa/LoRa.o
                0x08003f42                LoRa_receive
 .text.LoRa_init
                0x08004012      0x14e ./LoRa/LoRa.o
                0x08004012                LoRa_init
 .text.atoi     0x08004160        0x8 D:/STM32-dev/STM32CubeIDE_1.15.1/STM32CubeIDE/plugins/com.st.stm32cube.ide.mcu.externaltools.gnu-tools-for-stm32.12.3.rel1.win32_1.0.100.202403111256/tools/bin/../lib/gcc/arm-none-eabi/12.3.1/../../../../arm-none-eabi/lib/thumb/v7-m/nofp\libc_nano.a(libc_a-atoi.o)
                0x08004160                atoi
 .text._strtol_l.constprop.0
                0x08004168       0xf4 D:/STM32-dev/STM32CubeIDE_1.15.1/STM32CubeIDE/plugins/com.st.stm32cube.ide.mcu.externaltools.gnu-tools-for-stm32.12.3.rel1.win32_1.0.100.202403111256/tools/bin/../lib/gcc/arm-none-eabi/12.3.1/../../../../arm-none-eabi/lib/thumb/v7-m/nofp\libc_nano.a(libc_a-strtol.o)
 .text.strtol   0x0800425c       0x14 D:/STM32-dev/STM32CubeIDE_1.15.1/STM32CubeIDE/plugins/com.st.stm32cube.ide.mcu.externaltools.gnu-tools-for-stm32.12.3.rel1.win32_1.0.100.202403111256/tools/bin/../lib/gcc/arm-none-eabi/12.3.1/../../../../arm-none-eabi/lib/thumb/v7-m/nofp\libc_nano.a(libc_a-strtol.o)
                0x0800425c                strtol
 .text.sprintf  0x08004270       0x40 D:/STM32-dev/STM32CubeIDE_1.15.1/STM32CubeIDE/plugins/com.st.stm32cube.ide.mcu.externaltools.gnu-tools-for-stm32.12.3.rel1.win32_1.0.100.202403111256/tools/bin/../lib/gcc/arm-none-eabi/12.3.1/../../../../arm-none-eabi/lib/thumb/v7-m/nofp\libc_nano.a(libc_a-sprintf.o)
                0x08004270                siprintf
                0x08004270                sprintf
 .text.memset   0x080042b0       0x10 D:/STM32-dev/STM32CubeIDE_1.15.1/STM32CubeIDE/plugins/com.st.stm32cube.ide.mcu.externaltools.gnu-tools-for-stm32.12.3.rel1.win32_1.0.100.202403111256/tools/bin/../lib/gcc/arm-none-eabi/12.3.1/../../../../arm-none-eabi/lib/thumb/v7-m/nofp\libc_nano.a(libc_a-memset.o)
                0x080042b0                memset
 .text.__errno  0x080042c0        0xc D:/STM32-dev/STM32CubeIDE_1.15.1/STM32CubeIDE/plugins/com.st.stm32cube.ide.mcu.externaltools.gnu-tools-for-stm32.12.3.rel1.win32_1.0.100.202403111256/tools/bin/../lib/gcc/arm-none-eabi/12.3.1/../../../../arm-none-eabi/lib/thumb/v7-m/nofp\libc_nano.a(libc_a-errno.o)
                0x080042c0                __errno
 .text.__libc_init_array
                0x080042cc       0x48 D:/STM32-dev/STM32CubeIDE_1.15.1/STM32CubeIDE/plugins/com.st.stm32cube.ide.mcu.externaltools.gnu-tools-for-stm32.12.3.rel1.win32_1.0.100.202403111256/tools/bin/../lib/gcc/arm-none-eabi/12.3.1/../../../../arm-none-eabi/lib/thumb/v7-m/nofp\libc_nano.a(libc_a-init.o)
                0x080042cc                __libc_init_array
 .text.__retarget_lock_acquire_recursive
                0x08004314        0x2 D:/STM32-dev/STM32CubeIDE_1.15.1/STM32CubeIDE/plugins/com.st.stm32cube.ide.mcu.externaltools.gnu-tools-for-stm32.12.3.rel1.win32_1.0.100.202403111256/tools/bin/../lib/gcc/arm-none-eabi/12.3.1/../../../../arm-none-eabi/lib/thumb/v7-m/nofp\libc_nano.a(libc_a-lock.o)
                0x08004314                __retarget_lock_acquire_recursive
 .text.__retarget_lock_release_recursive
                0x08004316        0x2 D:/STM32-dev/STM32CubeIDE_1.15.1/STM32CubeIDE/plugins/com.st.stm32cube.ide.mcu.externaltools.gnu-tools-for-stm32.12.3.rel1.win32_1.0.100.202403111256/tools/bin/../lib/gcc/arm-none-eabi/12.3.1/../../../../arm-none-eabi/lib/thumb/v7-m/nofp\libc_nano.a(libc_a-lock.o)
                0x08004316                __retarget_lock_release_recursive
 .text.memcpy   0x08004318       0x1c D:/STM32-dev/STM32CubeIDE_1.15.1/STM32CubeIDE/plugins/com.st.stm32cube.ide.mcu.externaltools.gnu-tools-for-stm32.12.3.rel1.win32_1.0.100.202403111256/tools/bin/../lib/gcc/arm-none-eabi/12.3.1/../../../../arm-none-eabi/lib/thumb/v7-m/nofp\libc_nano.a(libc_a-memcpy-stub.o)
                0x08004318                memcpy
 .text._free_r  0x08004334       0x90 D:/STM32-dev/STM32CubeIDE_1.15.1/STM32CubeIDE/plugins/com.st.stm32cube.ide.mcu.externaltools.gnu-tools-for-stm32.12.3.rel1.win32_1.0.100.202403111256/tools/bin/../lib/gcc/arm-none-eabi/12.3.1/../../../../arm-none-eabi/lib/thumb/v7-m/nofp\libc_nano.a(libc_a-freer.o)
                0x08004334                _free_r
 .text.sbrk_aligned
                0x080043c4       0x44 D:/STM32-dev/STM32CubeIDE_1.15.1/STM32CubeIDE/plugins/com.st.stm32cube.ide.mcu.externaltools.gnu-tools-for-stm32.12.3.rel1.win32_1.0.100.202403111256/tools/bin/../lib/gcc/arm-none-eabi/12.3.1/../../../../arm-none-eabi/lib/thumb/v7-m/nofp\libc_nano.a(libc_a-mallocr.o)
 .text._malloc_r
                0x08004408      0x100 D:/STM32-dev/STM32CubeIDE_1.15.1/STM32CubeIDE/plugins/com.st.stm32cube.ide.mcu.externaltools.gnu-tools-for-stm32.12.3.rel1.win32_1.0.100.202403111256/tools/bin/../lib/gcc/arm-none-eabi/12.3.1/../../../../arm-none-eabi/lib/thumb/v7-m/nofp\libc_nano.a(libc_a-mallocr.o)
                0x08004408                _malloc_r
 .text.__malloc_lock
                0x08004508        0xc D:/STM32-dev/STM32CubeIDE_1.15.1/STM32CubeIDE/plugins/com.st.stm32cube.ide.mcu.externaltools.gnu-tools-for-stm32.12.3.rel1.win32_1.0.100.202403111256/tools/bin/../lib/gcc/arm-none-eabi/12.3.1/../../../../arm-none-eabi/lib/thumb/v7-m/nofp\libc_nano.a(libc_a-mlock.o)
                0x08004508                __malloc_lock
 .text.__malloc_unlock
                0x08004514        0xc D:/STM32-dev/STM32CubeIDE_1.15.1/STM32CubeIDE/plugins/com.st.stm32cube.ide.mcu.externaltools.gnu-tools-for-stm32.12.3.rel1.win32_1.0.100.202403111256/tools/bin/../lib/gcc/arm-none-eabi/12.3.1/../../../../arm-none-eabi/lib/thumb/v7-m/nofp\libc_nano.a(libc_a-mlock.o)
                0x08004514                __malloc_unlock
 .text.__ssputs_r
                0x08004520       0xb6 D:/STM32-dev/STM32CubeIDE_1.15.1/STM32CubeIDE/plugins/com.st.stm32cube.ide.mcu.externaltools.gnu-tools-for-stm32.12.3.rel1.win32_1.0.100.202403111256/tools/bin/../lib/gcc/arm-none-eabi/12.3.1/../../../../arm-none-eabi/lib/thumb/v7-m/nofp\libc_nano.a(libc_a-nano-svfprintf.o)
                0x08004520                __ssputs_r
 *fill*         0x080045d6        0x2 
 .text._svfprintf_r
                0x080045d8      0x1f8 D:/STM32-dev/STM32CubeIDE_1.15.1/STM32CubeIDE/plugins/com.st.stm32cube.ide.mcu.externaltools.gnu-tools-for-stm32.12.3.rel1.win32_1.0.100.202403111256/tools/bin/../lib/gcc/arm-none-eabi/12.3.1/../../../../arm-none-eabi/lib/thumb/v7-m/nofp\libc_nano.a(libc_a-nano-svfprintf.o)
                0x080045d8                _svfiprintf_r
                0x080045d8                _svfprintf_r
 .text._printf_common
                0x080047d0       0xe4 D:/STM32-dev/STM32CubeIDE_1.15.1/STM32CubeIDE/plugins/com.st.stm32cube.ide.mcu.externaltools.gnu-tools-for-stm32.12.3.rel1.win32_1.0.100.202403111256/tools/bin/../lib/gcc/arm-none-eabi/12.3.1/../../../../arm-none-eabi/lib/thumb/v7-m/nofp\libc_nano.a(libc_a-nano-vfprintf_i.o)
                0x080047d0                _printf_common
 .text._printf_i
                0x080048b4      0x240 D:/STM32-dev/STM32CubeIDE_1.15.1/STM32CubeIDE/plugins/com.st.stm32cube.ide.mcu.externaltools.gnu-tools-for-stm32.12.3.rel1.win32_1.0.100.202403111256/tools/bin/../lib/gcc/arm-none-eabi/12.3.1/../../../../arm-none-eabi/lib/thumb/v7-m/nofp\libc_nano.a(libc_a-nano-vfprintf_i.o)
                0x080048b4                _printf_i
 .text.memmove  0x08004af4       0x34 D:/STM32-dev/STM32CubeIDE_1.15.1/STM32CubeIDE/plugins/com.st.stm32cube.ide.mcu.externaltools.gnu-tools-for-stm32.12.3.rel1.win32_1.0.100.202403111256/tools/bin/../lib/gcc/arm-none-eabi/12.3.1/../../../../arm-none-eabi/lib/thumb/v7-m/nofp\libc_nano.a(libc_a-memmove.o)
                0x08004af4                memmove
 .text._sbrk_r  0x08004b28       0x20 D:/STM32-dev/STM32CubeIDE_1.15.1/STM32CubeIDE/plugins/com.st.stm32cube.ide.mcu.externaltools.gnu-tools-for-stm32.12.3.rel1.win32_1.0.100.202403111256/tools/bin/../lib/gcc/arm-none-eabi/12.3.1/../../../../arm-none-eabi/lib/thumb/v7-m/nofp\libc_nano.a(libc_a-sbrkr.o)
                0x08004b28                _sbrk_r
 .text.memchr   0x08004b48       0x1c D:/STM32-dev/STM32CubeIDE_1.15.1/STM32CubeIDE/plugins/com.st.stm32cube.ide.mcu.externaltools.gnu-tools-for-stm32.12.3.rel1.win32_1.0.100.202403111256/tools/bin/../lib/gcc/arm-none-eabi/12.3.1/../../../../arm-none-eabi/lib/thumb/v7-m/nofp\libc_nano.a(libc_a-memchr-stub.o)
                0x08004b48                memchr
 .text._realloc_r
                0x08004b64       0x5c D:/STM32-dev/STM32CubeIDE_1.15.1/STM32CubeIDE/plugins/com.st.stm32cube.ide.mcu.externaltools.gnu-tools-for-stm32.12.3.rel1.win32_1.0.100.202403111256/tools/bin/../lib/gcc/arm-none-eabi/12.3.1/../../../../arm-none-eabi/lib/thumb/v7-m/nofp\libc_nano.a(libc_a-reallocr.o)
                0x08004b64                _realloc_r
 .text._malloc_usable_size_r
                0x08004bc0       0x10 D:/STM32-dev/STM32CubeIDE_1.15.1/STM32CubeIDE/plugins/com.st.stm32cube.ide.mcu.externaltools.gnu-tools-for-stm32.12.3.rel1.win32_1.0.100.202403111256/tools/bin/../lib/gcc/arm-none-eabi/12.3.1/../../../../arm-none-eabi/lib/thumb/v7-m/nofp\libc_nano.a(libc_a-msizer.o)
                0x08004bc0                _malloc_usable_size_r
 *(.glue_7)
 .glue_7        0x08004bd0        0x0 linker stubs
 *(.glue_7t)
 .glue_7t       0x08004bd0        0x0 linker stubs
 *(.eh_frame)
 .eh_frame      0x08004bd0        0x0 D:/STM32-dev/STM32CubeIDE_1.15.1/STM32CubeIDE/plugins/com.st.stm32cube.ide.mcu.externaltools.gnu-tools-for-stm32.12.3.rel1.win32_1.0.100.202403111256/tools/bin/../lib/gcc/arm-none-eabi/12.3.1/thumb/v7-m/nofp/crtbegin.o
 *(.init)
 .init          0x08004bd0        0x4 D:/STM32-dev/STM32CubeIDE_1.15.1/STM32CubeIDE/plugins/com.st.stm32cube.ide.mcu.externaltools.gnu-tools-for-stm32.12.3.rel1.win32_1.0.100.202403111256/tools/bin/../lib/gcc/arm-none-eabi/12.3.1/thumb/v7-m/nofp/crti.o
                0x08004bd0                _init
 .init          0x08004bd4        0x8 D:/STM32-dev/STM32CubeIDE_1.15.1/STM32CubeIDE/plugins/com.st.stm32cube.ide.mcu.externaltools.gnu-tools-for-stm32.12.3.rel1.win32_1.0.100.202403111256/tools/bin/../lib/gcc/arm-none-eabi/12.3.1/thumb/v7-m/nofp/crtn.o
 *(.fini)
 .fini          0x08004bdc        0x4 D:/STM32-dev/STM32CubeIDE_1.15.1/STM32CubeIDE/plugins/com.st.stm32cube.ide.mcu.externaltools.gnu-tools-for-stm32.12.3.rel1.win32_1.0.100.202403111256/tools/bin/../lib/gcc/arm-none-eabi/12.3.1/thumb/v7-m/nofp/crti.o
                0x08004bdc                _fini
 .fini          0x08004be0        0x8 D:/STM32-dev/STM32CubeIDE_1.15.1/STM32CubeIDE/plugins/com.st.stm32cube.ide.mcu.externaltools.gnu-tools-for-stm32.12.3.rel1.win32_1.0.100.202403111256/tools/bin/../lib/gcc/arm-none-eabi/12.3.1/thumb/v7-m/nofp/crtn.o
                0x08004be8                        . = ALIGN (0x4)
                0x08004be8                        _etext = .

.vfp11_veneer   0x08004be8        0x0
 .vfp11_veneer  0x08004be8        0x0 linker stubs

.v4_bx          0x08004be8        0x0
 .v4_bx         0x08004be8        0x0 linker stubs

.iplt           0x08004be8        0x0
 .iplt          0x08004be8        0x0 D:/STM32-dev/STM32CubeIDE_1.15.1/STM32CubeIDE/plugins/com.st.stm32cube.ide.mcu.externaltools.gnu-tools-for-stm32.12.3.rel1.win32_1.0.100.202403111256/tools/bin/../lib/gcc/arm-none-eabi/12.3.1/thumb/v7-m/nofp/crtbegin.o

.rodata         0x08004be8      0x248
                0x08004be8                        . = ALIGN (0x4)
 *(.rodata)
 .rodata        0x08004be8       0x54 ./Core/Src/Tx-Commands.o
 .rodata        0x08004c3c       0x4c ./Core/Src/main.o
 .rodata        0x08004c88       0x50 ./LoRa/LoRa.o
 *(.rodata*)
 .rodata.AHBPrescTable
                0x08004cd8       0x10 ./Core/Src/system_stm32f1xx.o
                0x08004cd8                AHBPrescTable
 .rodata.aPLLMULFactorTable.1
                0x08004ce8       0x10 ./Drivers/STM32F1xx_HAL_Driver/Src/stm32f1xx_hal_rcc.o
 .rodata.aPredivFactorTable.0
                0x08004cf8        0x2 ./Drivers/STM32F1xx_HAL_Driver/Src/stm32f1xx_hal_rcc.o
 .rodata._ctype_
                0x08004cfa      0x101 D:/STM32-dev/STM32CubeIDE_1.15.1/STM32CubeIDE/plugins/com.st.stm32cube.ide.mcu.externaltools.gnu-tools-for-stm32.12.3.rel1.win32_1.0.100.202403111256/tools/bin/../lib/gcc/arm-none-eabi/12.3.1/../../../../arm-none-eabi/lib/thumb/v7-m/nofp\libc_nano.a(libc_a-ctype_.o)
                0x08004cfa                _ctype_
 .rodata._svfprintf_r.str1.1
                0x08004dfb       0x11 D:/STM32-dev/STM32CubeIDE_1.15.1/STM32CubeIDE/plugins/com.st.stm32cube.ide.mcu.externaltools.gnu-tools-for-stm32.12.3.rel1.win32_1.0.100.202403111256/tools/bin/../lib/gcc/arm-none-eabi/12.3.1/../../../../arm-none-eabi/lib/thumb/v7-m/nofp\libc_nano.a(libc_a-nano-svfprintf.o)
 .rodata._printf_i.str1.1
                0x08004e0c       0x22 D:/STM32-dev/STM32CubeIDE_1.15.1/STM32CubeIDE/plugins/com.st.stm32cube.ide.mcu.externaltools.gnu-tools-for-stm32.12.3.rel1.win32_1.0.100.202403111256/tools/bin/../lib/gcc/arm-none-eabi/12.3.1/../../../../arm-none-eabi/lib/thumb/v7-m/nofp\libc_nano.a(libc_a-nano-vfprintf_i.o)
                0x08004e30                        . = ALIGN (0x4)
 *fill*         0x08004e2e        0x2 

.ARM.extab      0x08004e30        0x0
                0x08004e30                        . = ALIGN (0x4)
 *(.ARM.extab* .gnu.linkonce.armextab.*)
                0x08004e30                        . = ALIGN (0x4)

.ARM            0x08004e30        0x8
                0x08004e30                        . = ALIGN (0x4)
                0x08004e30                        __exidx_start = .
 *(.ARM.exidx*)
 .ARM.exidx     0x08004e30        0x8 D:/STM32-dev/STM32CubeIDE_1.15.1/STM32CubeIDE/plugins/com.st.stm32cube.ide.mcu.externaltools.gnu-tools-for-stm32.12.3.rel1.win32_1.0.100.202403111256/tools/bin/../lib/gcc/arm-none-eabi/12.3.1/../../../../arm-none-eabi/lib/thumb/v7-m/nofp\libc_nano.a(libc_a-strlen.o)
                0x08004e38                        __exidx_end = .
                0x08004e38                        . = ALIGN (0x4)

.preinit_array  0x08004e38        0x0
                0x08004e38                        . = ALIGN (0x4)
                0x08004e38                        PROVIDE (__preinit_array_start = .)
 *(.preinit_array*)
                0x08004e38                        PROVIDE (__preinit_array_end = .)
                0x08004e38                        . = ALIGN (0x4)

.init_array     0x08004e38        0x4
                0x08004e38                        . = ALIGN (0x4)
                0x08004e38                        PROVIDE (__init_array_start = .)
 *(SORT_BY_NAME(.init_array.*))
 *(.init_array*)
 .init_array    0x08004e38        0x4 D:/STM32-dev/STM32CubeIDE_1.15.1/STM32CubeIDE/plugins/com.st.stm32cube.ide.mcu.externaltools.gnu-tools-for-stm32.12.3.rel1.win32_1.0.100.202403111256/tools/bin/../lib/gcc/arm-none-eabi/12.3.1/thumb/v7-m/nofp/crtbegin.o
                0x08004e3c                        PROVIDE (__init_array_end = .)
                0x08004e3c                        . = ALIGN (0x4)

.fini_array     0x08004e3c        0x4
                0x08004e3c                        . = ALIGN (0x4)
                [!provide]                        PROVIDE (__fini_array_start = .)
 *(SORT_BY_NAME(.fini_array.*))
 *(.fini_array*)
 .fini_array    0x08004e3c        0x4 D:/STM32-dev/STM32CubeIDE_1.15.1/STM32CubeIDE/plugins/com.st.stm32cube.ide.mcu.externaltools.gnu-tools-for-stm32.12.3.rel1.win32_1.0.100.202403111256/tools/bin/../lib/gcc/arm-none-eabi/12.3.1/thumb/v7-m/nofp/crtbegin.o
                [!provide]                        PROVIDE (__fini_array_end = .)
                0x08004e40                        . = ALIGN (0x4)
                0x08004e40                        _sidata = LOADADDR (.data)

.rel.dyn        0x08004e40        0x0
 .rel.iplt      0x08004e40        0x0 D:/STM32-dev/STM32CubeIDE_1.15.1/STM32CubeIDE/plugins/com.st.stm32cube.ide.mcu.externaltools.gnu-tools-for-stm32.12.3.rel1.win32_1.0.100.202403111256/tools/bin/../lib/gcc/arm-none-eabi/12.3.1/thumb/v7-m/nofp/crtbegin.o

.data           0x20000000       0x64 load address 0x08004e40
                0x20000000                        . = ALIGN (0x4)
                0x20000000                        _sdata = .
 *(.data)
 *(.data*)
 .data._fourbit_mode
                0x20000000        0x1 ./Core/Src/LiquidCrystal.o
                0x20000000                _fourbit_mode
 *fill*         0x20000001        0x3 
 .data.air_mode
                0x20000004        0x4 ./Core/Src/main.o
                0x20000004                air_mode
 .data.SystemCoreClock
                0x20000008        0x4 ./Core/Src/system_stm32f1xx.o
                0x20000008                SystemCoreClock
 .data.uwTickPrio
                0x2000000c        0x4 ./Drivers/STM32F1xx_HAL_Driver/Src/stm32f1xx_hal.o
                0x2000000c                uwTickPrio
 .data.uwTickFreq
                0x20000010        0x1 ./Drivers/STM32F1xx_HAL_Driver/Src/stm32f1xx_hal.o
                0x20000010                uwTickFreq
 *fill*         0x20000011        0x3 
 .data._impure_ptr
                0x20000014        0x4 D:/STM32-dev/STM32CubeIDE_1.15.1/STM32CubeIDE/plugins/com.st.stm32cube.ide.mcu.externaltools.gnu-tools-for-stm32.12.3.rel1.win32_1.0.100.202403111256/tools/bin/../lib/gcc/arm-none-eabi/12.3.1/../../../../arm-none-eabi/lib/thumb/v7-m/nofp\libc_nano.a(libc_a-impure.o)
                0x20000014                _impure_ptr
 .data._impure_data
                0x20000018       0x4c D:/STM32-dev/STM32CubeIDE_1.15.1/STM32CubeIDE/plugins/com.st.stm32cube.ide.mcu.externaltools.gnu-tools-for-stm32.12.3.rel1.win32_1.0.100.202403111256/tools/bin/../lib/gcc/arm-none-eabi/12.3.1/../../../../arm-none-eabi/lib/thumb/v7-m/nofp\libc_nano.a(libc_a-impure.o)
                0x20000018                _impure_data
 *(.RamFunc)
 *(.RamFunc*)
                0x20000064                        . = ALIGN (0x4)
                0x20000064                        _edata = .

.igot.plt       0x20000064        0x0 load address 0x08004ea4
 .igot.plt      0x20000064        0x0 D:/STM32-dev/STM32CubeIDE_1.15.1/STM32CubeIDE/plugins/com.st.stm32cube.ide.mcu.externaltools.gnu-tools-for-stm32.12.3.rel1.win32_1.0.100.202403111256/tools/bin/../lib/gcc/arm-none-eabi/12.3.1/thumb/v7-m/nofp/crtbegin.o
                0x20000064                        . = ALIGN (0x4)

.bss            0x20000064      0x22c load address 0x08004ea4
                0x20000064                        _sbss = .
                0x20000064                        __bss_start__ = _sbss
 *(.bss)
 .bss           0x20000064       0x1c D:/STM32-dev/STM32CubeIDE_1.15.1/STM32CubeIDE/plugins/com.st.stm32cube.ide.mcu.externaltools.gnu-tools-for-stm32.12.3.rel1.win32_1.0.100.202403111256/tools/bin/../lib/gcc/arm-none-eabi/12.3.1/thumb/v7-m/nofp/crtbegin.o
 *(.bss*)
 .bss.dotsize   0x20000080        0x1 ./Core/Src/LiquidCrystal.o
                0x20000080                dotsize
 *fill*         0x20000081        0x1 
 .bss._rs_pin   0x20000082        0x2 ./Core/Src/LiquidCrystal.o
                0x20000082                _rs_pin
 .bss._rw_pin   0x20000084        0x2 ./Core/Src/LiquidCrystal.o
                0x20000084                _rw_pin
 .bss._enable_pin
                0x20000086        0x2 ./Core/Src/LiquidCrystal.o
                0x20000086                _enable_pin
 .bss._data_pins
                0x20000088       0x10 ./Core/Src/LiquidCrystal.o
                0x20000088                _data_pins
 .bss._port     0x20000098        0x4 ./Core/Src/LiquidCrystal.o
                0x20000098                _port
 .bss._displayfunction
                0x2000009c        0x1 ./Core/Src/LiquidCrystal.o
                0x2000009c                _displayfunction
 .bss._displaycontrol
                0x2000009d        0x1 ./Core/Src/LiquidCrystal.o
                0x2000009d                _displaycontrol
 .bss._displaymode
                0x2000009e        0x1 ./Core/Src/LiquidCrystal.o
                0x2000009e                _displaymode
 .bss._numlines
                0x2000009f        0x1 ./Core/Src/LiquidCrystal.o
                0x2000009f                _numlines
 .bss._row_offsets
                0x200000a0        0x4 ./Core/Src/LiquidCrystal.o
                0x200000a0                _row_offsets
 .bss.myLoRa    0x200000a4       0x2c ./Core/Src/main.o
                0x200000a4                myLoRa
 .bss.LoRa_stat
                0x200000d0        0x2 ./Core/Src/main.o
                0x200000d0                LoRa_stat
 *fill*         0x200000d2        0x2 
 .bss.RxBuffer  0x200000d4       0x10 ./Core/Src/main.o
                0x200000d4                RxBuffer
 .bss.temperature
                0x200000e4        0x1 ./Core/Src/main.o
                0x200000e4                temperature
 .bss.temp_setpt
                0x200000e5        0x1 ./Core/Src/main.o
                0x200000e5                temp_setpt
 .bss.rx_ready  0x200000e6        0x1 ./Core/Src/main.o
                0x200000e6                rx_ready
 *fill*         0x200000e7        0x1 
 .bss.hspi1     0x200000e8       0x58 ./Core/Src/spi.o
                0x200000e8                hspi1
 .bss.__sbrk_heap_end
                0x20000140        0x4 ./Core/Src/sysmem.o
 .bss.uwTick    0x20000144        0x4 ./Drivers/STM32F1xx_HAL_Driver/Src/stm32f1xx_hal.o
                0x20000144                uwTick
 .bss.__sf      0x20000148      0x138 D:/STM32-dev/STM32CubeIDE_1.15.1/STM32CubeIDE/plugins/com.st.stm32cube.ide.mcu.externaltools.gnu-tools-for-stm32.12.3.rel1.win32_1.0.100.202403111256/tools/bin/../lib/gcc/arm-none-eabi/12.3.1/../../../../arm-none-eabi/lib/thumb/v7-m/nofp\libc_nano.a(libc_a-findfp.o)
                0x20000148                __sf
 .bss.errno     0x20000280        0x4 D:/STM32-dev/STM32CubeIDE_1.15.1/STM32CubeIDE/plugins/com.st.stm32cube.ide.mcu.externaltools.gnu-tools-for-stm32.12.3.rel1.win32_1.0.100.202403111256/tools/bin/../lib/gcc/arm-none-eabi/12.3.1/../../../../arm-none-eabi/lib/thumb/v7-m/nofp\libc_nano.a(libc_a-reent.o)
                0x20000280                errno
 .bss.__lock___malloc_recursive_mutex
                0x20000284        0x1 D:/STM32-dev/STM32CubeIDE_1.15.1/STM32CubeIDE/plugins/com.st.stm32cube.ide.mcu.externaltools.gnu-tools-for-stm32.12.3.rel1.win32_1.0.100.202403111256/tools/bin/../lib/gcc/arm-none-eabi/12.3.1/../../../../arm-none-eabi/lib/thumb/v7-m/nofp\libc_nano.a(libc_a-lock.o)
                0x20000284                __lock___malloc_recursive_mutex
 *fill*         0x20000285        0x3 
 .bss.__malloc_sbrk_start
                0x20000288        0x4 D:/STM32-dev/STM32CubeIDE_1.15.1/STM32CubeIDE/plugins/com.st.stm32cube.ide.mcu.externaltools.gnu-tools-for-stm32.12.3.rel1.win32_1.0.100.202403111256/tools/bin/../lib/gcc/arm-none-eabi/12.3.1/../../../../arm-none-eabi/lib/thumb/v7-m/nofp\libc_nano.a(libc_a-mallocr.o)
                0x20000288                __malloc_sbrk_start
 .bss.__malloc_free_list
                0x2000028c        0x4 D:/STM32-dev/STM32CubeIDE_1.15.1/STM32CubeIDE/plugins/com.st.stm32cube.ide.mcu.externaltools.gnu-tools-for-stm32.12.3.rel1.win32_1.0.100.202403111256/tools/bin/../lib/gcc/arm-none-eabi/12.3.1/../../../../arm-none-eabi/lib/thumb/v7-m/nofp\libc_nano.a(libc_a-mallocr.o)
                0x2000028c                __malloc_free_list
 *(COMMON)
                0x20000290                        . = ALIGN (0x4)
                0x20000290                        _ebss = .
                0x20000290                        __bss_end__ = _ebss

._user_heap_stack
                0x20000290      0x600 load address 0x08004ea4
                0x20000290                        . = ALIGN (0x8)
                [!provide]                        PROVIDE (end = .)
                0x20000290                        PROVIDE (_end = .)
                0x20000490                        . = (. + _Min_Heap_Size)
 *fill*         0x20000290      0x200 
                0x20000890                        . = (. + _Min_Stack_Size)
 *fill*         0x20000490      0x400 
                0x20000890                        . = ALIGN (0x8)

/DISCARD/
 libc.a(*)
 libm.a(*)
 libgcc.a(*)

.ARM.attributes
                0x00000000       0x29
 *(.ARM.attributes)
 .ARM.attributes
                0x00000000       0x1d D:/STM32-dev/STM32CubeIDE_1.15.1/STM32CubeIDE/plugins/com.st.stm32cube.ide.mcu.externaltools.gnu-tools-for-stm32.12.3.rel1.win32_1.0.100.202403111256/tools/bin/../lib/gcc/arm-none-eabi/12.3.1/thumb/v7-m/nofp/crti.o
 .ARM.attributes
                0x0000001d       0x2d D:/STM32-dev/STM32CubeIDE_1.15.1/STM32CubeIDE/plugins/com.st.stm32cube.ide.mcu.externaltools.gnu-tools-for-stm32.12.3.rel1.win32_1.0.100.202403111256/tools/bin/../lib/gcc/arm-none-eabi/12.3.1/thumb/v7-m/nofp/crtbegin.o
 .ARM.attributes
                0x0000004a       0x2d ./Core/Src/LiquidCrystal.o
 .ARM.attributes
                0x00000077       0x2d ./Core/Src/Tx-Commands.o
 .ARM.attributes
                0x000000a4       0x2d ./Core/Src/gpio.o
 .ARM.attributes
                0x000000d1       0x2d ./Core/Src/main.o
 .ARM.attributes
                0x000000fe       0x2d ./Core/Src/spi.o
 .ARM.attributes
                0x0000012b       0x2d ./Core/Src/stm32f1xx_hal_msp.o
 .ARM.attributes
                0x00000158       0x2d ./Core/Src/stm32f1xx_it.o
 .ARM.attributes
                0x00000185       0x2d ./Core/Src/sysmem.o
 .ARM.attributes
                0x000001b2       0x2d ./Core/Src/system_stm32f1xx.o
 .ARM.attributes
                0x000001df       0x21 ./Core/Startup/startup_stm32f103c8tx.o
 .ARM.attributes
                0x00000200       0x2d ./Drivers/STM32F1xx_HAL_Driver/Src/stm32f1xx_hal.o
 .ARM.attributes
                0x0000022d       0x2d ./Drivers/STM32F1xx_HAL_Driver/Src/stm32f1xx_hal_cortex.o
 .ARM.attributes
                0x0000025a       0x2d ./Drivers/STM32F1xx_HAL_Driver/Src/stm32f1xx_hal_dma.o
 .ARM.attributes
                0x00000287       0x2d ./Drivers/STM32F1xx_HAL_Driver/Src/stm32f1xx_hal_gpio.o
 .ARM.attributes
                0x000002b4       0x2d ./Drivers/STM32F1xx_HAL_Driver/Src/stm32f1xx_hal_rcc.o
 .ARM.attributes
                0x000002e1       0x2d ./Drivers/STM32F1xx_HAL_Driver/Src/stm32f1xx_hal_spi.o
 .ARM.attributes
                0x0000030e       0x2d ./LoRa/LoRa.o
 .ARM.attributes
                0x0000033b       0x2d D:/STM32-dev/STM32CubeIDE_1.15.1/STM32CubeIDE/plugins/com.st.stm32cube.ide.mcu.externaltools.gnu-tools-for-stm32.12.3.rel1.win32_1.0.100.202403111256/tools/bin/../lib/gcc/arm-none-eabi/12.3.1/../../../../arm-none-eabi/lib/thumb/v7-m/nofp\libc_nano.a(libc_a-atoi.o)
 .ARM.attributes
                0x00000368       0x2d D:/STM32-dev/STM32CubeIDE_1.15.1/STM32CubeIDE/plugins/com.st.stm32cube.ide.mcu.externaltools.gnu-tools-for-stm32.12.3.rel1.win32_1.0.100.202403111256/tools/bin/../lib/gcc/arm-none-eabi/12.3.1/../../../../arm-none-eabi/lib/thumb/v7-m/nofp\libc_nano.a(libc_a-strtol.o)
 .ARM.attributes
                0x00000395       0x2d D:/STM32-dev/STM32CubeIDE_1.15.1/STM32CubeIDE/plugins/com.st.stm32cube.ide.mcu.externaltools.gnu-tools-for-stm32.12.3.rel1.win32_1.0.100.202403111256/tools/bin/../lib/gcc/arm-none-eabi/12.3.1/../../../../arm-none-eabi/lib/thumb/v7-m/nofp\libc_nano.a(libc_a-ctype_.o)
 .ARM.attributes
                0x000003c2       0x2d D:/STM32-dev/STM32CubeIDE_1.15.1/STM32CubeIDE/plugins/com.st.stm32cube.ide.mcu.externaltools.gnu-tools-for-stm32.12.3.rel1.win32_1.0.100.202403111256/tools/bin/../lib/gcc/arm-none-eabi/12.3.1/../../../../arm-none-eabi/lib/thumb/v7-m/nofp\libc_nano.a(libc_a-findfp.o)
 .ARM.attributes
                0x000003ef       0x2d D:/STM32-dev/STM32CubeIDE_1.15.1/STM32CubeIDE/plugins/com.st.stm32cube.ide.mcu.externaltools.gnu-tools-for-stm32.12.3.rel1.win32_1.0.100.202403111256/tools/bin/../lib/gcc/arm-none-eabi/12.3.1/../../../../arm-none-eabi/lib/thumb/v7-m/nofp\libc_nano.a(libc_a-sprintf.o)
 .ARM.attributes
                0x0000041c       0x2d D:/STM32-dev/STM32CubeIDE_1.15.1/STM32CubeIDE/plugins/com.st.stm32cube.ide.mcu.externaltools.gnu-tools-for-stm32.12.3.rel1.win32_1.0.100.202403111256/tools/bin/../lib/gcc/arm-none-eabi/12.3.1/../../../../arm-none-eabi/lib/thumb/v7-m/nofp\libc_nano.a(libc_a-memset.o)
 .ARM.attributes
                0x00000449       0x2d D:/STM32-dev/STM32CubeIDE_1.15.1/STM32CubeIDE/plugins/com.st.stm32cube.ide.mcu.externaltools.gnu-tools-for-stm32.12.3.rel1.win32_1.0.100.202403111256/tools/bin/../lib/gcc/arm-none-eabi/12.3.1/../../../../arm-none-eabi/lib/thumb/v7-m/nofp\libc_nano.a(libc_a-reent.o)
 .ARM.attributes
                0x00000476       0x2d D:/STM32-dev/STM32CubeIDE_1.15.1/STM32CubeIDE/plugins/com.st.stm32cube.ide.mcu.externaltools.gnu-tools-for-stm32.12.3.rel1.win32_1.0.100.202403111256/tools/bin/../lib/gcc/arm-none-eabi/12.3.1/../../../../arm-none-eabi/lib/thumb/v7-m/nofp\libc_nano.a(libc_a-impure.o)
 .ARM.attributes
                0x000004a3       0x2d D:/STM32-dev/STM32CubeIDE_1.15.1/STM32CubeIDE/plugins/com.st.stm32cube.ide.mcu.externaltools.gnu-tools-for-stm32.12.3.rel1.win32_1.0.100.202403111256/tools/bin/../lib/gcc/arm-none-eabi/12.3.1/../../../../arm-none-eabi/lib/thumb/v7-m/nofp\libc_nano.a(libc_a-errno.o)
 .ARM.attributes
                0x000004d0       0x2d D:/STM32-dev/STM32CubeIDE_1.15.1/STM32CubeIDE/plugins/com.st.stm32cube.ide.mcu.externaltools.gnu-tools-for-stm32.12.3.rel1.win32_1.0.100.202403111256/tools/bin/../lib/gcc/arm-none-eabi/12.3.1/../../../../arm-none-eabi/lib/thumb/v7-m/nofp\libc_nano.a(libc_a-init.o)
 .ARM.attributes
                0x000004fd       0x2d D:/STM32-dev/STM32CubeIDE_1.15.1/STM32CubeIDE/plugins/com.st.stm32cube.ide.mcu.externaltools.gnu-tools-for-stm32.12.3.rel1.win32_1.0.100.202403111256/tools/bin/../lib/gcc/arm-none-eabi/12.3.1/../../../../arm-none-eabi/lib/thumb/v7-m/nofp\libc_nano.a(libc_a-lock.o)
 .ARM.attributes
                0x0000052a       0x2d D:/STM32-dev/STM32CubeIDE_1.15.1/STM32CubeIDE/plugins/com.st.stm32cube.ide.mcu.externaltools.gnu-tools-for-stm32.12.3.rel1.win32_1.0.100.202403111256/tools/bin/../lib/gcc/arm-none-eabi/12.3.1/../../../../arm-none-eabi/lib/thumb/v7-m/nofp\libc_nano.a(libc_a-memcpy-stub.o)
 .ARM.attributes
                0x00000557       0x17 D:/STM32-dev/STM32CubeIDE_1.15.1/STM32CubeIDE/plugins/com.st.stm32cube.ide.mcu.externaltools.gnu-tools-for-stm32.12.3.rel1.win32_1.0.100.202403111256/tools/bin/../lib/gcc/arm-none-eabi/12.3.1/../../../../arm-none-eabi/lib/thumb/v7-m/nofp\libc_nano.a(libc_a-strlen.o)
 .ARM.attributes
                0x0000056e       0x2d D:/STM32-dev/STM32CubeIDE_1.15.1/STM32CubeIDE/plugins/com.st.stm32cube.ide.mcu.externaltools.gnu-tools-for-stm32.12.3.rel1.win32_1.0.100.202403111256/tools/bin/../lib/gcc/arm-none-eabi/12.3.1/../../../../arm-none-eabi/lib/thumb/v7-m/nofp\libc_nano.a(libc_a-freer.o)
 .ARM.attributes
                0x0000059b       0x2d D:/STM32-dev/STM32CubeIDE_1.15.1/STM32CubeIDE/plugins/com.st.stm32cube.ide.mcu.externaltools.gnu-tools-for-stm32.12.3.rel1.win32_1.0.100.202403111256/tools/bin/../lib/gcc/arm-none-eabi/12.3.1/../../../../arm-none-eabi/lib/thumb/v7-m/nofp\libc_nano.a(libc_a-mallocr.o)
 .ARM.attributes
                0x000005c8       0x2d D:/STM32-dev/STM32CubeIDE_1.15.1/STM32CubeIDE/plugins/com.st.stm32cube.ide.mcu.externaltools.gnu-tools-for-stm32.12.3.rel1.win32_1.0.100.202403111256/tools/bin/../lib/gcc/arm-none-eabi/12.3.1/../../../../arm-none-eabi/lib/thumb/v7-m/nofp\libc_nano.a(libc_a-mlock.o)
 .ARM.attributes
                0x000005f5       0x2d D:/STM32-dev/STM32CubeIDE_1.15.1/STM32CubeIDE/plugins/com.st.stm32cube.ide.mcu.externaltools.gnu-tools-for-stm32.12.3.rel1.win32_1.0.100.202403111256/tools/bin/../lib/gcc/arm-none-eabi/12.3.1/../../../../arm-none-eabi/lib/thumb/v7-m/nofp\libc_nano.a(libc_a-nano-svfprintf.o)
 .ARM.attributes
                0x00000622       0x2d D:/STM32-dev/STM32CubeIDE_1.15.1/STM32CubeIDE/plugins/com.st.stm32cube.ide.mcu.externaltools.gnu-tools-for-stm32.12.3.rel1.win32_1.0.100.202403111256/tools/bin/../lib/gcc/arm-none-eabi/12.3.1/../../../../arm-none-eabi/lib/thumb/v7-m/nofp\libc_nano.a(libc_a-nano-vfprintf_i.o)
 .ARM.attributes
                0x0000064f       0x2d D:/STM32-dev/STM32CubeIDE_1.15.1/STM32CubeIDE/plugins/com.st.stm32cube.ide.mcu.externaltools.gnu-tools-for-stm32.12.3.rel1.win32_1.0.100.202403111256/tools/bin/../lib/gcc/arm-none-eabi/12.3.1/../../../../arm-none-eabi/lib/thumb/v7-m/nofp\libc_nano.a(libc_a-memmove.o)
 .ARM.attributes
                0x0000067c       0x2d D:/STM32-dev/STM32CubeIDE_1.15.1/STM32CubeIDE/plugins/com.st.stm32cube.ide.mcu.externaltools.gnu-tools-for-stm32.12.3.rel1.win32_1.0.100.202403111256/tools/bin/../lib/gcc/arm-none-eabi/12.3.1/../../../../arm-none-eabi/lib/thumb/v7-m/nofp\libc_nano.a(libc_a-sbrkr.o)
 .ARM.attributes
                0x000006a9       0x2d D:/STM32-dev/STM32CubeIDE_1.15.1/STM32CubeIDE/plugins/com.st.stm32cube.ide.mcu.externaltools.gnu-tools-for-stm32.12.3.rel1.win32_1.0.100.202403111256/tools/bin/../lib/gcc/arm-none-eabi/12.3.1/../../../../arm-none-eabi/lib/thumb/v7-m/nofp\libc_nano.a(libc_a-memchr-stub.o)
 .ARM.attributes
                0x000006d6       0x2d D:/STM32-dev/STM32CubeIDE_1.15.1/STM32CubeIDE/plugins/com.st.stm32cube.ide.mcu.externaltools.gnu-tools-for-stm32.12.3.rel1.win32_1.0.100.202403111256/tools/bin/../lib/gcc/arm-none-eabi/12.3.1/../../../../arm-none-eabi/lib/thumb/v7-m/nofp\libc_nano.a(libc_a-reallocr.o)
 .ARM.attributes
                0x00000703       0x2d D:/STM32-dev/STM32CubeIDE_1.15.1/STM32CubeIDE/plugins/com.st.stm32cube.ide.mcu.externaltools.gnu-tools-for-stm32.12.3.rel1.win32_1.0.100.202403111256/tools/bin/../lib/gcc/arm-none-eabi/12.3.1/../../../../arm-none-eabi/lib/thumb/v7-m/nofp\libc_nano.a(libc_a-msizer.o)
 .ARM.attributes
                0x00000730       0x1d D:/STM32-dev/STM32CubeIDE_1.15.1/STM32CubeIDE/plugins/com.st.stm32cube.ide.mcu.externaltools.gnu-tools-for-stm32.12.3.rel1.win32_1.0.100.202403111256/tools/bin/../lib/gcc/arm-none-eabi/12.3.1/thumb/v7-m/nofp\libgcc.a(_arm_addsubdf3.o)
 .ARM.attributes
                0x0000074d       0x1d D:/STM32-dev/STM32CubeIDE_1.15.1/STM32CubeIDE/plugins/com.st.stm32cube.ide.mcu.externaltools.gnu-tools-for-stm32.12.3.rel1.win32_1.0.100.202403111256/tools/bin/../lib/gcc/arm-none-eabi/12.3.1/thumb/v7-m/nofp\libgcc.a(_arm_muldivdf3.o)
 .ARM.attributes
                0x0000076a       0x1d D:/STM32-dev/STM32CubeIDE_1.15.1/STM32CubeIDE/plugins/com.st.stm32cube.ide.mcu.externaltools.gnu-tools-for-stm32.12.3.rel1.win32_1.0.100.202403111256/tools/bin/../lib/gcc/arm-none-eabi/12.3.1/thumb/v7-m/nofp\libgcc.a(_arm_fixdfsi.o)
 .ARM.attributes
                0x00000787       0x1d D:/STM32-dev/STM32CubeIDE_1.15.1/STM32CubeIDE/plugins/com.st.stm32cube.ide.mcu.externaltools.gnu-tools-for-stm32.12.3.rel1.win32_1.0.100.202403111256/tools/bin/../lib/gcc/arm-none-eabi/12.3.1/thumb/v7-m/nofp/crtn.o
OUTPUT(Tx-Thermo.elf elf32-littlearm)
LOAD linker stubs
LOAD D:/STM32-dev/STM32CubeIDE_1.15.1/STM32CubeIDE/plugins/com.st.stm32cube.ide.mcu.externaltools.gnu-tools-for-stm32.12.3.rel1.win32_1.0.100.202403111256/tools/bin/../lib/gcc/arm-none-eabi/12.3.1/../../../../arm-none-eabi/lib/thumb/v7-m/nofp\libc.a
LOAD D:/STM32-dev/STM32CubeIDE_1.15.1/STM32CubeIDE/plugins/com.st.stm32cube.ide.mcu.externaltools.gnu-tools-for-stm32.12.3.rel1.win32_1.0.100.202403111256/tools/bin/../lib/gcc/arm-none-eabi/12.3.1/../../../../arm-none-eabi/lib/thumb/v7-m/nofp\libm.a
LOAD D:/STM32-dev/STM32CubeIDE_1.15.1/STM32CubeIDE/plugins/com.st.stm32cube.ide.mcu.externaltools.gnu-tools-for-stm32.12.3.rel1.win32_1.0.100.202403111256/tools/bin/../lib/gcc/arm-none-eabi/12.3.1/thumb/v7-m/nofp\libgcc.a

.debug_info     0x00000000     0x81cb
 .debug_info    0x00000000      0x8f0 ./Core/Src/LiquidCrystal.o
 .debug_info    0x000008f0      0xb21 ./Core/Src/Tx-Commands.o
 .debug_info    0x00001411      0x2d3 ./Core/Src/gpio.o
 .debug_info    0x000016e4      0xdbd ./Core/Src/main.o
 .debug_info    0x000024a1      0x924 ./Core/Src/spi.o
 .debug_info    0x00002dc5      0x1f1 ./Core/Src/stm32f1xx_hal_msp.o
 .debug_info    0x00002fb6      0x635 ./Core/Src/stm32f1xx_it.o
 .debug_info    0x000035eb      0x168 ./Core/Src/sysmem.o
 .debug_info    0x00003753      0x222 ./Core/Src/system_stm32f1xx.o
 .debug_info    0x00003975       0x30 ./Core/Startup/startup_stm32f103c8tx.o
 .debug_info    0x000039a5      0x704 ./Drivers/STM32F1xx_HAL_Driver/Src/stm32f1xx_hal.o
 .debug_info    0x000040a9      0xa87 ./Drivers/STM32F1xx_HAL_Driver/Src/stm32f1xx_hal_cortex.o
 .debug_info    0x00004b30      0x6d2 ./Drivers/STM32F1xx_HAL_Driver/Src/stm32f1xx_hal_dma.o
 .debug_info    0x00005202      0x5ab ./Drivers/STM32F1xx_HAL_Driver/Src/stm32f1xx_hal_gpio.o
 .debug_info    0x000057ad      0x7d5 ./Drivers/STM32F1xx_HAL_Driver/Src/stm32f1xx_hal_rcc.o
 .debug_info    0x00005f82     0x142d ./Drivers/STM32F1xx_HAL_Driver/Src/stm32f1xx_hal_spi.o
 .debug_info    0x000073af      0xe1c ./LoRa/LoRa.o

.debug_abbrev   0x00000000     0x201d
 .debug_abbrev  0x00000000      0x2ad ./Core/Src/LiquidCrystal.o
 .debug_abbrev  0x000002ad      0x211 ./Core/Src/Tx-Commands.o
 .debug_abbrev  0x000004be      0x13f ./Core/Src/gpio.o
 .debug_abbrev  0x000005fd      0x2ef ./Core/Src/main.o
 .debug_abbrev  0x000008ec      0x204 ./Core/Src/spi.o
 .debug_abbrev  0x00000af0       0xdb ./Core/Src/stm32f1xx_hal_msp.o
 .debug_abbrev  0x00000bcb      0x19b ./Core/Src/stm32f1xx_it.o
 .debug_abbrev  0x00000d66       0xbc ./Core/Src/sysmem.o
 .debug_abbrev  0x00000e22      0x13f ./Core/Src/system_stm32f1xx.o
 .debug_abbrev  0x00000f61       0x24 ./Core/Startup/startup_stm32f103c8tx.o
 .debug_abbrev  0x00000f85      0x201 ./Drivers/STM32F1xx_HAL_Driver/Src/stm32f1xx_hal.o
 .debug_abbrev  0x00001186      0x2f8 ./Drivers/STM32F1xx_HAL_Driver/Src/stm32f1xx_hal_cortex.o
 .debug_abbrev  0x0000147e      0x20b ./Drivers/STM32F1xx_HAL_Driver/Src/stm32f1xx_hal_dma.o
 .debug_abbrev  0x00001689      0x1ca ./Drivers/STM32F1xx_HAL_Driver/Src/stm32f1xx_hal_gpio.o
 .debug_abbrev  0x00001853      0x2b3 ./Drivers/STM32F1xx_HAL_Driver/Src/stm32f1xx_hal_rcc.o
 .debug_abbrev  0x00001b06      0x27a ./Drivers/STM32F1xx_HAL_Driver/Src/stm32f1xx_hal_spi.o
 .debug_abbrev  0x00001d80      0x29d ./LoRa/LoRa.o

.debug_aranges  0x00000000      0x8f8
 .debug_aranges
                0x00000000       0xf8 ./Core/Src/LiquidCrystal.o
 .debug_aranges
                0x000000f8       0x68 ./Core/Src/Tx-Commands.o
 .debug_aranges
                0x00000160       0x20 ./Core/Src/gpio.o
 .debug_aranges
                0x00000180       0x68 ./Core/Src/main.o
 .debug_aranges
                0x000001e8       0x30 ./Core/Src/spi.o
 .debug_aranges
                0x00000218       0x20 ./Core/Src/stm32f1xx_hal_msp.o
 .debug_aranges
                0x00000238       0x70 ./Core/Src/stm32f1xx_it.o
 .debug_aranges
                0x000002a8       0x20 ./Core/Src/sysmem.o
 .debug_aranges
                0x000002c8       0x28 ./Core/Src/system_stm32f1xx.o
 .debug_aranges
                0x000002f0       0x28 ./Core/Startup/startup_stm32f103c8tx.o
 .debug_aranges
                0x00000318       0xe0 ./Drivers/STM32F1xx_HAL_Driver/Src/stm32f1xx_hal.o
 .debug_aranges
                0x000003f8      0x100 ./Drivers/STM32F1xx_HAL_Driver/Src/stm32f1xx_hal_cortex.o
 .debug_aranges
                0x000004f8       0x80 ./Drivers/STM32F1xx_HAL_Driver/Src/stm32f1xx_hal_dma.o
 .debug_aranges
                0x00000578       0x58 ./Drivers/STM32F1xx_HAL_Driver/Src/stm32f1xx_hal_gpio.o
 .debug_aranges
                0x000005d0       0x90 ./Drivers/STM32F1xx_HAL_Driver/Src/stm32f1xx_hal_rcc.o
 .debug_aranges
                0x00000660      0x1d0 ./Drivers/STM32F1xx_HAL_Driver/Src/stm32f1xx_hal_spi.o
 .debug_aranges
                0x00000830       0xc8 ./LoRa/LoRa.o

.debug_rnglists
                0x00000000      0x69c
 .debug_rnglists
                0x00000000       0xb9 ./Core/Src/LiquidCrystal.o
 .debug_rnglists
                0x000000b9       0x4b ./Core/Src/Tx-Commands.o
 .debug_rnglists
                0x00000104       0x14 ./Core/Src/gpio.o
 .debug_rnglists
                0x00000118       0x4b ./Core/Src/main.o
 .debug_rnglists
                0x00000163       0x20 ./Core/Src/spi.o
 .debug_rnglists
                0x00000183       0x13 ./Core/Src/stm32f1xx_hal_msp.o
 .debug_rnglists
                0x00000196       0x4f ./Core/Src/stm32f1xx_it.o
 .debug_rnglists
                0x000001e5       0x13 ./Core/Src/sysmem.o
 .debug_rnglists
                0x000001f8       0x1a ./Core/Src/system_stm32f1xx.o
 .debug_rnglists
                0x00000212       0x19 ./Core/Startup/startup_stm32f103c8tx.o
 .debug_rnglists
                0x0000022b       0xa3 ./Drivers/STM32F1xx_HAL_Driver/Src/stm32f1xx_hal.o
 .debug_rnglists
                0x000002ce       0xbb ./Drivers/STM32F1xx_HAL_Driver/Src/stm32f1xx_hal_cortex.o
 .debug_rnglists
                0x00000389       0x64 ./Drivers/STM32F1xx_HAL_Driver/Src/stm32f1xx_hal_dma.o
 .debug_rnglists
                0x000003ed       0x3f ./Drivers/STM32F1xx_HAL_Driver/Src/stm32f1xx_hal_gpio.o
 .debug_rnglists
                0x0000042c       0x6c ./Drivers/STM32F1xx_HAL_Driver/Src/stm32f1xx_hal_rcc.o
 .debug_rnglists
                0x00000498      0x16e ./Drivers/STM32F1xx_HAL_Driver/Src/stm32f1xx_hal_spi.o
 .debug_rnglists
                0x00000606       0x96 ./LoRa/LoRa.o

.debug_macro    0x00000000    0x17c37
 .debug_macro   0x00000000      0x29f ./Core/Src/LiquidCrystal.o
 .debug_macro   0x0000029f      0xaa8 ./Core/Src/LiquidCrystal.o
 .debug_macro   0x00000d47      0x215 ./Core/Src/LiquidCrystal.o
 .debug_macro   0x00000f5c       0x2e ./Core/Src/LiquidCrystal.o
 .debug_macro   0x00000f8a       0x22 ./Core/Src/LiquidCrystal.o
 .debug_macro   0x00000fac       0x22 ./Core/Src/LiquidCrystal.o
 .debug_macro   0x00000fce       0x8e ./Core/Src/LiquidCrystal.o
 .debug_macro   0x0000105c       0x51 ./Core/Src/LiquidCrystal.o
 .debug_macro   0x000010ad      0x103 ./Core/Src/LiquidCrystal.o
 .debug_macro   0x000011b0       0x6a ./Core/Src/LiquidCrystal.o
 .debug_macro   0x0000121a      0x1df ./Core/Src/LiquidCrystal.o
 .debug_macro   0x000013f9       0x1c ./Core/Src/LiquidCrystal.o
 .debug_macro   0x00001415       0x22 ./Core/Src/LiquidCrystal.o
 .debug_macro   0x00001437       0xbd ./Core/Src/LiquidCrystal.o
 .debug_macro   0x000014f4      0xd23 ./Core/Src/LiquidCrystal.o
 .debug_macro   0x00002217     0xe09e ./Core/Src/LiquidCrystal.o
 .debug_macro   0x000102b5       0x6d ./Core/Src/LiquidCrystal.o
 .debug_macro   0x00010322     0x34a2 ./Core/Src/LiquidCrystal.o
 .debug_macro   0x000137c4      0x189 ./Core/Src/LiquidCrystal.o
 .debug_macro   0x0001394d       0x5c ./Core/Src/LiquidCrystal.o
 .debug_macro   0x000139a9      0x5bc ./Core/Src/LiquidCrystal.o
 .debug_macro   0x00013f65      0x289 ./Core/Src/LiquidCrystal.o
 .debug_macro   0x000141ee      0x1cb ./Core/Src/LiquidCrystal.o
 .debug_macro   0x000143b9      0x114 ./Core/Src/LiquidCrystal.o
 .debug_macro   0x000144cd      0x1b2 ./Core/Src/LiquidCrystal.o
 .debug_macro   0x0001467f       0x27 ./Core/Src/LiquidCrystal.o
 .debug_macro   0x000146a6      0x136 ./Core/Src/LiquidCrystal.o
 .debug_macro   0x000147dc      0x1bc ./Core/Src/LiquidCrystal.o
 .debug_macro   0x00014998       0x34 ./Core/Src/LiquidCrystal.o
 .debug_macro   0x000149cc       0x3c ./Core/Src/LiquidCrystal.o
 .debug_macro   0x00014a08       0x57 ./Core/Src/LiquidCrystal.o
 .debug_macro   0x00014a5f       0x87 ./Core/Src/LiquidCrystal.o
 .debug_macro   0x00014ae6      0x240 ./Core/Src/LiquidCrystal.o
 .debug_macro   0x00014d26      0x140 ./Core/Src/LiquidCrystal.o
 .debug_macro   0x00014e66      0x217 ./Core/Src/LiquidCrystal.o
 .debug_macro   0x0001507d       0x83 ./Core/Src/LiquidCrystal.o
 .debug_macro   0x00015100       0xe2 ./Core/Src/LiquidCrystal.o
 .debug_macro   0x000151e2       0x61 ./Core/Src/LiquidCrystal.o
 .debug_macro   0x00015243       0x24 ./Core/Src/LiquidCrystal.o
 .debug_macro   0x00015267       0x43 ./Core/Src/LiquidCrystal.o
 .debug_macro   0x000152aa       0x34 ./Core/Src/LiquidCrystal.o
 .debug_macro   0x000152de       0x16 ./Core/Src/LiquidCrystal.o
 .debug_macro   0x000152f4       0x35 ./Core/Src/LiquidCrystal.o
 .debug_macro   0x00015329      0x369 ./Core/Src/LiquidCrystal.o
 .debug_macro   0x00015692       0x10 ./Core/Src/LiquidCrystal.o
 .debug_macro   0x000156a2       0x16 ./Core/Src/LiquidCrystal.o
 .debug_macro   0x000156b8       0x43 ./Core/Src/LiquidCrystal.o
 .debug_macro   0x000156fb       0x34 ./Core/Src/LiquidCrystal.o
 .debug_macro   0x0001572f       0x10 ./Core/Src/LiquidCrystal.o
 .debug_macro   0x0001573f       0x58 ./Core/Src/LiquidCrystal.o
 .debug_macro   0x00015797       0x8e ./Core/Src/LiquidCrystal.o
 .debug_macro   0x00015825       0x1c ./Core/Src/LiquidCrystal.o
 .debug_macro   0x00015841      0x177 ./Core/Src/LiquidCrystal.o
 .debug_macro   0x000159b8       0x16 ./Core/Src/LiquidCrystal.o
 .debug_macro   0x000159ce       0x16 ./Core/Src/LiquidCrystal.o
 .debug_macro   0x000159e4      0x146 ./Core/Src/LiquidCrystal.o
 .debug_macro   0x00015b2a       0x16 ./Core/Src/LiquidCrystal.o
 .debug_macro   0x00015b40       0x20 ./Core/Src/LiquidCrystal.o
 .debug_macro   0x00015b60      0x2c6 ./Core/Src/Tx-Commands.o
 .debug_macro   0x00015e26       0x6a ./Core/Src/Tx-Commands.o
 .debug_macro   0x00015e90      0x172 ./Core/Src/Tx-Commands.o
 .debug_macro   0x00016002       0x2e ./Core/Src/Tx-Commands.o
 .debug_macro   0x00016030      0x1a7 ./Core/Src/gpio.o
 .debug_macro   0x000161d7      0x336 ./Core/Src/main.o
 .debug_macro   0x0001650d       0x10 ./Core/Src/main.o
 .debug_macro   0x0001651d       0x1c ./Core/Src/main.o
 .debug_macro   0x00016539       0x1c ./Core/Src/main.o
 .debug_macro   0x00016555       0x16 ./Core/Src/main.o
 .debug_macro   0x0001656b       0x16 ./Core/Src/main.o
 .debug_macro   0x00016581       0x29 ./Core/Src/main.o
 .debug_macro   0x000165aa       0x34 ./Core/Src/main.o
 .debug_macro   0x000165de      0x1a7 ./Core/Src/spi.o
 .debug_macro   0x00016785      0x19d ./Core/Src/stm32f1xx_hal_msp.o
 .debug_macro   0x00016922      0x1a7 ./Core/Src/stm32f1xx_it.o
 .debug_macro   0x00016ac9       0xff ./Core/Src/sysmem.o
 .debug_macro   0x00016bc8      0x23c ./Core/Src/sysmem.o
 .debug_macro   0x00016e04      0x18e ./Core/Src/system_stm32f1xx.o
 .debug_macro   0x00016f92      0x1b2 ./Drivers/STM32F1xx_HAL_Driver/Src/stm32f1xx_hal.o
 .debug_macro   0x00017144      0x18e ./Drivers/STM32F1xx_HAL_Driver/Src/stm32f1xx_hal_cortex.o
 .debug_macro   0x000172d2      0x18e ./Drivers/STM32F1xx_HAL_Driver/Src/stm32f1xx_hal_dma.o
 .debug_macro   0x00017460      0x1f9 ./Drivers/STM32F1xx_HAL_Driver/Src/stm32f1xx_hal_gpio.o
 .debug_macro   0x00017659      0x1a0 ./Drivers/STM32F1xx_HAL_Driver/Src/stm32f1xx_hal_rcc.o
 .debug_macro   0x000177f9      0x196 ./Drivers/STM32F1xx_HAL_Driver/Src/stm32f1xx_hal_spi.o
 .debug_macro   0x0001798f      0x2a8 ./LoRa/LoRa.o

.debug_line     0x00000000     0xb469
 .debug_line    0x00000000      0xdf1 ./Core/Src/LiquidCrystal.o
 .debug_line    0x00000df1      0xb81 ./Core/Src/Tx-Commands.o
 .debug_line    0x00001972      0x6f0 ./Core/Src/gpio.o
 .debug_line    0x00002062      0xbf9 ./Core/Src/main.o
 .debug_line    0x00002c5b      0x737 ./Core/Src/spi.o
 .debug_line    0x00003392      0x6bf ./Core/Src/stm32f1xx_hal_msp.o
 .debug_line    0x00003a51      0x7b1 ./Core/Src/stm32f1xx_it.o
 .debug_line    0x00004202      0x660 ./Core/Src/sysmem.o
 .debug_line    0x00004862      0x73d ./Core/Src/system_stm32f1xx.o
 .debug_line    0x00004f9f       0x78 ./Core/Startup/startup_stm32f103c8tx.o
 .debug_line    0x00005017      0x96a ./Drivers/STM32F1xx_HAL_Driver/Src/stm32f1xx_hal.o
 .debug_line    0x00005981      0xb56 ./Drivers/STM32F1xx_HAL_Driver/Src/stm32f1xx_hal_cortex.o
 .debug_line    0x000064d7      0xdc3 ./Drivers/STM32F1xx_HAL_Driver/Src/stm32f1xx_hal_dma.o
 .debug_line    0x0000729a      0xa03 ./Drivers/STM32F1xx_HAL_Driver/Src/stm32f1xx_hal_gpio.o
 .debug_line    0x00007c9d      0xd73 ./Drivers/STM32F1xx_HAL_Driver/Src/stm32f1xx_hal_rcc.o
 .debug_line    0x00008a10     0x1c8e ./Drivers/STM32F1xx_HAL_Driver/Src/stm32f1xx_hal_spi.o
 .debug_line    0x0000a69e      0xdcb ./LoRa/LoRa.o

.debug_str      0x00000000    0x827cd
 .debug_str     0x00000000    0x7fac6 ./Core/Src/LiquidCrystal.o
                              0x7fe50 (size before relaxing)
 .debug_str     0x0007fac6      0xb0f ./Core/Src/Tx-Commands.o
                              0x806e2 (size before relaxing)
 .debug_str     0x000805d5       0x3c ./Core/Src/gpio.o
                              0x7c37f (size before relaxing)
 .debug_str     0x00080611      0x67e ./Core/Src/main.o
                              0x80d6a (size before relaxing)
 .debug_str     0x00080c8f       0x6f ./Core/Src/spi.o
                              0x7ca83 (size before relaxing)
 .debug_str     0x00080cfe       0x5a ./Core/Src/stm32f1xx_hal_msp.o
                              0x7c307 (size before relaxing)
 .debug_str     0x00080d58      0x11a ./Core/Src/stm32f1xx_it.o
                              0x7c75a (size before relaxing)
 .debug_str     0x00080e72      0x4dc ./Core/Src/sysmem.o
                               0x6056 (size before relaxing)
 .debug_str     0x0008134e       0x7e ./Core/Src/system_stm32f1xx.o
                              0x7c1a8 (size before relaxing)
 .debug_str     0x000813cc       0x44 ./Core/Startup/startup_stm32f103c8tx.o
                                 0x61 (size before relaxing)
 .debug_str     0x00081410      0x37a ./Drivers/STM32F1xx_HAL_Driver/Src/stm32f1xx_hal.o
                              0x7c8db (size before relaxing)
 .debug_str     0x0008178a      0x294 ./Drivers/STM32F1xx_HAL_Driver/Src/stm32f1xx_hal_cortex.o
                              0x7c827 (size before relaxing)
 .debug_str     0x00081a1e      0x23a ./Drivers/STM32F1xx_HAL_Driver/Src/stm32f1xx_hal_dma.o
                              0x7c551 (size before relaxing)
 .debug_str     0x00081c58      0x297 ./Drivers/STM32F1xx_HAL_Driver/Src/stm32f1xx_hal_gpio.o
                              0x7c52e (size before relaxing)
 .debug_str     0x00081eef      0x229 ./Drivers/STM32F1xx_HAL_Driver/Src/stm32f1xx_hal_rcc.o
                              0x7c5d7 (size before relaxing)
 .debug_str     0x00082118      0x528 ./Drivers/STM32F1xx_HAL_Driver/Src/stm32f1xx_hal_spi.o
                              0x7cace (size before relaxing)
 .debug_str     0x00082640      0x18d ./LoRa/LoRa.o
                              0x804ce (size before relaxing)

.comment        0x00000000       0x43
 .comment       0x00000000       0x43 ./Core/Src/LiquidCrystal.o
                                 0x44 (size before relaxing)
 .comment       0x00000043       0x44 ./Core/Src/Tx-Commands.o
 .comment       0x00000043       0x44 ./Core/Src/gpio.o
 .comment       0x00000043       0x44 ./Core/Src/main.o
 .comment       0x00000043       0x44 ./Core/Src/spi.o
 .comment       0x00000043       0x44 ./Core/Src/stm32f1xx_hal_msp.o
 .comment       0x00000043       0x44 ./Core/Src/stm32f1xx_it.o
 .comment       0x00000043       0x44 ./Core/Src/sysmem.o
 .comment       0x00000043       0x44 ./Core/Src/system_stm32f1xx.o
 .comment       0x00000043       0x44 ./Drivers/STM32F1xx_HAL_Driver/Src/stm32f1xx_hal.o
 .comment       0x00000043       0x44 ./Drivers/STM32F1xx_HAL_Driver/Src/stm32f1xx_hal_cortex.o
 .comment       0x00000043       0x44 ./Drivers/STM32F1xx_HAL_Driver/Src/stm32f1xx_hal_dma.o
 .comment       0x00000043       0x44 ./Drivers/STM32F1xx_HAL_Driver/Src/stm32f1xx_hal_gpio.o
 .comment       0x00000043       0x44 ./Drivers/STM32F1xx_HAL_Driver/Src/stm32f1xx_hal_rcc.o
 .comment       0x00000043       0x44 ./Drivers/STM32F1xx_HAL_Driver/Src/stm32f1xx_hal_spi.o
 .comment       0x00000043       0x44 ./LoRa/LoRa.o

.debug_frame    0x00000000     0x2874
 .debug_frame   0x00000000      0x394 ./Core/Src/LiquidCrystal.o
 .debug_frame   0x00000394      0x178 ./Core/Src/Tx-Commands.o
 .debug_frame   0x0000050c       0x34 ./Core/Src/gpio.o
 .debug_frame   0x00000540      0x13c ./Core/Src/main.o
 .debug_frame   0x0000067c       0x74 ./Core/Src/spi.o
 .debug_frame   0x000006f0       0x38 ./Core/Src/stm32f1xx_hal_msp.o
 .debug_frame   0x00000728      0x13c ./Core/Src/stm32f1xx_it.o
 .debug_frame   0x00000864       0x34 ./Core/Src/sysmem.o
 .debug_frame   0x00000898       0x58 ./Core/Src/system_stm32f1xx.o
 .debug_frame   0x000008f0      0x334 ./Drivers/STM32F1xx_HAL_Driver/Src/stm32f1xx_hal.o
 .debug_frame   0x00000c24      0x428 ./Drivers/STM32F1xx_HAL_Driver/Src/stm32f1xx_hal_cortex.o
 .debug_frame   0x0000104c      0x208 ./Drivers/STM32F1xx_HAL_Driver/Src/stm32f1xx_hal_dma.o
 .debug_frame   0x00001254      0x14c ./Drivers/STM32F1xx_HAL_Driver/Src/stm32f1xx_hal_gpio.o
 .debug_frame   0x000013a0      0x218 ./Drivers/STM32F1xx_HAL_Driver/Src/stm32f1xx_hal_rcc.o
 .debug_frame   0x000015b8      0x824 ./Drivers/STM32F1xx_HAL_Driver/Src/stm32f1xx_hal_spi.o
 .debug_frame   0x00001ddc      0x338 ./LoRa/LoRa.o
 .debug_frame   0x00002114       0x30 D:/STM32-dev/STM32CubeIDE_1.15.1/STM32CubeIDE/plugins/com.st.stm32cube.ide.mcu.externaltools.gnu-tools-for-stm32.12.3.rel1.win32_1.0.100.202403111256/tools/bin/../lib/gcc/arm-none-eabi/12.3.1/../../../../arm-none-eabi/lib/thumb/v7-m/nofp\libc_nano.a(libc_a-atoi.o)
 .debug_frame   0x00002144       0x64 D:/STM32-dev/STM32CubeIDE_1.15.1/STM32CubeIDE/plugins/com.st.stm32cube.ide.mcu.externaltools.gnu-tools-for-stm32.12.3.rel1.win32_1.0.100.202403111256/tools/bin/../lib/gcc/arm-none-eabi/12.3.1/../../../../arm-none-eabi/lib/thumb/v7-m/nofp\libc_nano.a(libc_a-strtol.o)
 .debug_frame   0x000021a8      0x144 D:/STM32-dev/STM32CubeIDE_1.15.1/STM32CubeIDE/plugins/com.st.stm32cube.ide.mcu.externaltools.gnu-tools-for-stm32.12.3.rel1.win32_1.0.100.202403111256/tools/bin/../lib/gcc/arm-none-eabi/12.3.1/../../../../arm-none-eabi/lib/thumb/v7-m/nofp\libc_nano.a(libc_a-findfp.o)
 .debug_frame   0x000022ec       0x6c D:/STM32-dev/STM32CubeIDE_1.15.1/STM32CubeIDE/plugins/com.st.stm32cube.ide.mcu.externaltools.gnu-tools-for-stm32.12.3.rel1.win32_1.0.100.202403111256/tools/bin/../lib/gcc/arm-none-eabi/12.3.1/../../../../arm-none-eabi/lib/thumb/v7-m/nofp\libc_nano.a(libc_a-sprintf.o)
 .debug_frame   0x00002358       0x20 D:/STM32-dev/STM32CubeIDE_1.15.1/STM32CubeIDE/plugins/com.st.stm32cube.ide.mcu.externaltools.gnu-tools-for-stm32.12.3.rel1.win32_1.0.100.202403111256/tools/bin/../lib/gcc/arm-none-eabi/12.3.1/../../../../arm-none-eabi/lib/thumb/v7-m/nofp\libc_nano.a(libc_a-memset.o)
 .debug_frame   0x00002378       0x38 D:/STM32-dev/STM32CubeIDE_1.15.1/STM32CubeIDE/plugins/com.st.stm32cube.ide.mcu.externaltools.gnu-tools-for-stm32.12.3.rel1.win32_1.0.100.202403111256/tools/bin/../lib/gcc/arm-none-eabi/12.3.1/../../../../arm-none-eabi/lib/thumb/v7-m/nofp\libc_nano.a(libc_a-reent.o)
 .debug_frame   0x000023b0       0x20 D:/STM32-dev/STM32CubeIDE_1.15.1/STM32CubeIDE/plugins/com.st.stm32cube.ide.mcu.externaltools.gnu-tools-for-stm32.12.3.rel1.win32_1.0.100.202403111256/tools/bin/../lib/gcc/arm-none-eabi/12.3.1/../../../../arm-none-eabi/lib/thumb/v7-m/nofp\libc_nano.a(libc_a-errno.o)
 .debug_frame   0x000023d0       0x2c D:/STM32-dev/STM32CubeIDE_1.15.1/STM32CubeIDE/plugins/com.st.stm32cube.ide.mcu.externaltools.gnu-tools-for-stm32.12.3.rel1.win32_1.0.100.202403111256/tools/bin/../lib/gcc/arm-none-eabi/12.3.1/../../../../arm-none-eabi/lib/thumb/v7-m/nofp\libc_nano.a(libc_a-init.o)
 .debug_frame   0x000023fc       0xb0 D:/STM32-dev/STM32CubeIDE_1.15.1/STM32CubeIDE/plugins/com.st.stm32cube.ide.mcu.externaltools.gnu-tools-for-stm32.12.3.rel1.win32_1.0.100.202403111256/tools/bin/../lib/gcc/arm-none-eabi/12.3.1/../../../../arm-none-eabi/lib/thumb/v7-m/nofp\libc_nano.a(libc_a-lock.o)
 .debug_frame   0x000024ac       0x28 D:/STM32-dev/STM32CubeIDE_1.15.1/STM32CubeIDE/plugins/com.st.stm32cube.ide.mcu.externaltools.gnu-tools-for-stm32.12.3.rel1.win32_1.0.100.202403111256/tools/bin/../lib/gcc/arm-none-eabi/12.3.1/../../../../arm-none-eabi/lib/thumb/v7-m/nofp\libc_nano.a(libc_a-memcpy-stub.o)
 .debug_frame   0x000024d4       0x38 D:/STM32-dev/STM32CubeIDE_1.15.1/STM32CubeIDE/plugins/com.st.stm32cube.ide.mcu.externaltools.gnu-tools-for-stm32.12.3.rel1.win32_1.0.100.202403111256/tools/bin/../lib/gcc/arm-none-eabi/12.3.1/../../../../arm-none-eabi/lib/thumb/v7-m/nofp\libc_nano.a(libc_a-freer.o)
 .debug_frame   0x0000250c       0x50 D:/STM32-dev/STM32CubeIDE_1.15.1/STM32CubeIDE/plugins/com.st.stm32cube.ide.mcu.externaltools.gnu-tools-for-stm32.12.3.rel1.win32_1.0.100.202403111256/tools/bin/../lib/gcc/arm-none-eabi/12.3.1/../../../../arm-none-eabi/lib/thumb/v7-m/nofp\libc_nano.a(libc_a-mallocr.o)
 .debug_frame   0x0000255c       0x30 D:/STM32-dev/STM32CubeIDE_1.15.1/STM32CubeIDE/plugins/com.st.stm32cube.ide.mcu.externaltools.gnu-tools-for-stm32.12.3.rel1.win32_1.0.100.202403111256/tools/bin/../lib/gcc/arm-none-eabi/12.3.1/../../../../arm-none-eabi/lib/thumb/v7-m/nofp\libc_nano.a(libc_a-mlock.o)
 .debug_frame   0x0000258c       0x90 D:/STM32-dev/STM32CubeIDE_1.15.1/STM32CubeIDE/plugins/com.st.stm32cube.ide.mcu.externaltools.gnu-tools-for-stm32.12.3.rel1.win32_1.0.100.202403111256/tools/bin/../lib/gcc/arm-none-eabi/12.3.1/../../../../arm-none-eabi/lib/thumb/v7-m/nofp\libc_nano.a(libc_a-nano-svfprintf.o)
 .debug_frame   0x0000261c       0x60 D:/STM32-dev/STM32CubeIDE_1.15.1/STM32CubeIDE/plugins/com.st.stm32cube.ide.mcu.externaltools.gnu-tools-for-stm32.12.3.rel1.win32_1.0.100.202403111256/tools/bin/../lib/gcc/arm-none-eabi/12.3.1/../../../../arm-none-eabi/lib/thumb/v7-m/nofp\libc_nano.a(libc_a-nano-vfprintf_i.o)
 .debug_frame   0x0000267c       0x28 D:/STM32-dev/STM32CubeIDE_1.15.1/STM32CubeIDE/plugins/com.st.stm32cube.ide.mcu.externaltools.gnu-tools-for-stm32.12.3.rel1.win32_1.0.100.202403111256/tools/bin/../lib/gcc/arm-none-eabi/12.3.1/../../../../arm-none-eabi/lib/thumb/v7-m/nofp\libc_nano.a(libc_a-memmove.o)
 .debug_frame   0x000026a4       0x2c D:/STM32-dev/STM32CubeIDE_1.15.1/STM32CubeIDE/plugins/com.st.stm32cube.ide.mcu.externaltools.gnu-tools-for-stm32.12.3.rel1.win32_1.0.100.202403111256/tools/bin/../lib/gcc/arm-none-eabi/12.3.1/../../../../arm-none-eabi/lib/thumb/v7-m/nofp\libc_nano.a(libc_a-sbrkr.o)
 .debug_frame   0x000026d0       0x28 D:/STM32-dev/STM32CubeIDE_1.15.1/STM32CubeIDE/plugins/com.st.stm32cube.ide.mcu.externaltools.gnu-tools-for-stm32.12.3.rel1.win32_1.0.100.202403111256/tools/bin/../lib/gcc/arm-none-eabi/12.3.1/../../../../arm-none-eabi/lib/thumb/v7-m/nofp\libc_nano.a(libc_a-memchr-stub.o)
 .debug_frame   0x000026f8       0x3c D:/STM32-dev/STM32CubeIDE_1.15.1/STM32CubeIDE/plugins/com.st.stm32cube.ide.mcu.externaltools.gnu-tools-for-stm32.12.3.rel1.win32_1.0.100.202403111256/tools/bin/../lib/gcc/arm-none-eabi/12.3.1/../../../../arm-none-eabi/lib/thumb/v7-m/nofp\libc_nano.a(libc_a-reallocr.o)
 .debug_frame   0x00002734       0x20 D:/STM32-dev/STM32CubeIDE_1.15.1/STM32CubeIDE/plugins/com.st.stm32cube.ide.mcu.externaltools.gnu-tools-for-stm32.12.3.rel1.win32_1.0.100.202403111256/tools/bin/../lib/gcc/arm-none-eabi/12.3.1/../../../../arm-none-eabi/lib/thumb/v7-m/nofp\libc_nano.a(libc_a-msizer.o)
 .debug_frame   0x00002754       0xac D:/STM32-dev/STM32CubeIDE_1.15.1/STM32CubeIDE/plugins/com.st.stm32cube.ide.mcu.externaltools.gnu-tools-for-stm32.12.3.rel1.win32_1.0.100.202403111256/tools/bin/../lib/gcc/arm-none-eabi/12.3.1/thumb/v7-m/nofp\libgcc.a(_arm_addsubdf3.o)
 .debug_frame   0x00002800       0x50 D:/STM32-dev/STM32CubeIDE_1.15.1/STM32CubeIDE/plugins/com.st.stm32cube.ide.mcu.externaltools.gnu-tools-for-stm32.12.3.rel1.win32_1.0.100.202403111256/tools/bin/../lib/gcc/arm-none-eabi/12.3.1/thumb/v7-m/nofp\libgcc.a(_arm_muldivdf3.o)
 .debug_frame   0x00002850       0x24 D:/STM32-dev/STM32CubeIDE_1.15.1/STM32CubeIDE/plugins/com.st.stm32cube.ide.mcu.externaltools.gnu-tools-for-stm32.12.3.rel1.win32_1.0.100.202403111256/tools/bin/../lib/gcc/arm-none-eabi/12.3.1/thumb/v7-m/nofp\libgcc.a(_arm_fixdfsi.o)

.debug_line_str
                0x00000000       0x45
 .debug_line_str
                0x00000000       0x45 ./Core/Startup/startup_stm32f103c8tx.o
