../Core/Inc/Tx-Commands.h:37:25:Get_TempUpButtonState	8	static
../Core/Inc/Tx-Commands.h:42:25:Get_TempDownButtonState	8	static
../Core/Inc/Tx-Commands.h:47:25:Get_HeatButtonState	8	static
../Core/Inc/Tx-Commands.h:52:25:Get_ACButtonState	8	static
../Core/Inc/Tx-Commands.h:57:25:Get_OffButtonState	8	static
../Core/Src/main.c:87:5:main	152	static
../Core/Src/main.c:197:6:SystemClock_Config	72	static
../Core/Src/main.c:236:13:MX_NVIC_Init	8	static
../Core/Src/main.c:248:6:HAL_GPIO_EXTI_Callback	16	static
../Core/Src/main.c:262:6:Error_Handler	4	static,ignoring_inline_asm
