../Core/Src/LiquidCrystal.c:37:6:LiquidCrystal	64	static
../Core/Src/LiquidCrystal.c:46:6:init	24	static
../Core/Src/LiquidCrystal.c:72:6:begin	32	static
../Core/Src/LiquidCrystal.c:166:6:enableClock	32	static
../Core/Src/LiquidCrystal.c:182:6:setRowOffsets	24	static
../Core/Src/LiquidCrystal.c:191:6:clear	8	static
../Core/Src/LiquidCrystal.c:197:6:home	8	static
../Core/Src/LiquidCrystal.c:203:6:setCursor	24	static
../Core/Src/LiquidCrystal.c:217:6:noDisplay	8	static
../Core/Src/LiquidCrystal.c:221:6:display	8	static
../Core/Src/LiquidCrystal.c:227:6:noCursor	8	static
../Core/Src/LiquidCrystal.c:231:6:cursor	8	static
../Core/Src/LiquidCrystal.c:237:6:noBlink	8	static
../Core/Src/LiquidCrystal.c:241:6:blink	8	static
../Core/Src/LiquidCrystal.c:247:6:scrollDisplayLeft	8	static
../Core/Src/LiquidCrystal.c:250:6:scrollDisplayRight	8	static
../Core/Src/LiquidCrystal.c:255:6:leftToRight	8	static
../Core/Src/LiquidCrystal.c:261:6:rightToLeft	8	static
../Core/Src/LiquidCrystal.c:267:6:autoscroll	8	static
../Core/Src/LiquidCrystal.c:273:6:noAutoscroll	8	static
../Core/Src/LiquidCrystal.c:279:8:print	32	static
../Core/Src/LiquidCrystal.c:295:6:createChar	24	static
../Core/Src/LiquidCrystal.c:305:13:command	16	static
../Core/Src/LiquidCrystal.c:309:15:write	16	static
../Core/Src/LiquidCrystal.c:317:6:send	16	static
../Core/Src/LiquidCrystal.c:333:6:pulseEnable	8	static
../Core/Src/LiquidCrystal.c:342:6:write4bits	24	static
../Core/Src/LiquidCrystal.c:350:6:write8bits	24	static
