../Core/Src/main.c:83:5:main	64	static
../Core/Src/main.c:162:6:Task_ExecuteAlarm	8	static
../Core/Src/main.c:166:6:Task_ExecuteTemperatureChange	8	static
../Core/Src/main.c:170:6:Task_ExecuteCommands	24	static
../Core/Src/main.c:179:6:SystemClock_Config	88	static
../Core/Src/main.c:226:13:MX_NVIC_Init	8	static
../Core/Src/main.c:242:6:HAL_RTC_AlarmAEventCallback	16	static
../Core/Src/main.c:248:6:HAL_GPIO_EXTI_Callback	16	static
../Core/Src/main.c:267:6:Error_Handler	4	static,ignoring_inline_asm
