../Core/Inc/temp.h:54:22:HVAC_Heat	16	static
../Core/Inc/temp.h:58:22:HVAC_AC	16	static
../Core/Inc/temp.h:62:31:HVAC_GetACPinState	8	static
../Core/Inc/temp.h:66:31:HVAC_GetHeatPinState	8	static
../Core/Inc/lcd_temp.h:22:22:LCD_Backlight	16	static
../Core/Src/temp.c:18:6:TempCtx_Init	16	static
../Core/Src/temp.c:29:7:HVAC_ReadTemp	8	static
../Core/Src/temp.c:36:6:HVAC_Report	24	static
../Core/Src/temp.c:42:6:HVAC_TempChange	24	static
../Core/Src/temp.c:78:9:IncrementTempSetpt	16	static
../Core/Src/temp.c:82:9:DecrementTempSetpt	16	static
../Core/Src/temp.c:86:6:EnterStopMode	32	static
