../LoRa/LoRa.c:22:6:newLoRa	72	static
../LoRa/LoRa.c:45:6:LoRa_reset	16	static
../LoRa/LoRa.c:63:6:LoRa_gotoMode	24	static
../LoRa/LoRa.c:107:6:LoRa_readReg	24	static
../LoRa/LoRa.c:133:6:LoRa_writeReg	24	static
../LoRa/LoRa.c:155:6:LoRa_setLowDaraRateOptimization	24	static
../LoRa/LoRa.c:180:6:LoRa_setAutoLDO	96	static
../LoRa/LoRa.c:197:6:LoRa_setFrequency	24	static
../LoRa/LoRa.c:229:6:LoRa_setSpreadingFactor	24	static
../LoRa/LoRa.c:259:6:LoRa_setPower	16	static
../LoRa/LoRa.c:275:6:LoRa_setOCP	24	static
../LoRa/LoRa.c:303:6:LoRa_setTOMsb_setCRCon	24	static
../LoRa/LoRa.c:323:6:LoRa_setSyncWord	16	static
../LoRa/LoRa.c:339:9:LoRa_read	32	static
../LoRa/LoRa.c:362:6:LoRa_write	32	static
../LoRa/LoRa.c:384:6:LoRa_BurstWrite	32	static
../LoRa/LoRa.c:412:9:LoRa_isvalid	16	static
../LoRa/LoRa.c:429:9:LoRa_transmit	32	static
../LoRa/LoRa.c:466:6:LoRa_startReceiving	16	static
../LoRa/LoRa.c:482:9:LoRa_receive	48	static
../LoRa/LoRa.c:543:5:LoRa_getRSSI	24	static
../LoRa/LoRa.c:559:10:LoRa_init	24	static
